[2026-02-20 19:12:27] train.py started
[2026-02-20 19:12:27] args={'train_mat': '/home/users/tomomasa_yamasaki/AMBER/data/deepsea/deepsea_train/train.mat', 'valid_mat': '/home/users/tomomasa_yamasaki/AMBER/data/deepsea/deepsea_train/valid.mat', 'outdir': './outputs/torch_transformer', 'model_id': 'local_transformer', 'hf_model_name': None, 'hf_revision': None, 'epochs': 1, 'batch_size': 64, 'lr': 0.0003, 'num_workers': 2, 'max_length': 1024, 'd_model': 128, 'nhead': 8, 'num_layers': 4, 'seed': 42}
[2026-02-20 19:12:27] loading datasets from MAT files
[2026-02-20 19:12:27] [dataset] attempting lazy HDF5 dataset loading
[2026-02-20 19:12:27] [dataset] H5 dataset ready file=/home/users/tomomasa_yamasaki/AMBER/data/deepsea/deepsea_train/train.mat x_key=trainxdata y_key=traindata x_shape=(1000, 4, 4400000) y_shape=(919, 4400000) n_samples=4400000 x_layout=L_C_N y_layout=919_N
[2026-02-20 19:12:27] [dataset] HDF5 open failed for /home/users/tomomasa_yamasaki/AMBER/data/deepsea/deepsea_train/valid.mat; falling back to eager loadmat
[2026-02-20 19:12:28] [dataset] MAT keys for /home/users/tomomasa_yamasaki/AMBER/data/deepsea/deepsea_train/valid.mat: ['validdata', 'validxdata']
[2026-02-20 19:12:28] dataset loaded: train_x=(4400000, 1000, 4) train_y=(4400000, 919) valid_x=(8000, 1000, 4) valid_y=(8000, 919) (elapsed=0.67s)
[2026-02-20 19:12:28] building DataLoader objects
[2026-02-20 19:12:28] DataLoader ready
[2026-02-20 19:12:28] device=cuda
[2026-02-20 19:12:28] building model
[2026-02-20 19:12:28] model ready
[2026-02-20 19:12:37] epoch 1/1 started
[2026-02-20 19:12:50] epoch 1 step 50: train_loss=0.179599
[2026-02-20 19:13:02] epoch 1 step 100: train_loss=0.094655
[2026-02-20 19:13:13] epoch 1 step 150: train_loss=0.102971
[2026-02-20 19:13:25] epoch 1 step 200: train_loss=0.087405
[2026-02-20 19:13:37] epoch 1 step 250: train_loss=0.107965
[2026-02-20 19:13:48] epoch 1 step 300: train_loss=0.084304
[2026-02-20 19:14:00] epoch 1 step 350: train_loss=0.089617
[2026-02-20 19:14:11] epoch 1 step 400: train_loss=0.068404
[2026-02-20 19:14:23] epoch 1 step 450: train_loss=0.098048
[2026-02-20 19:14:34] epoch 1 step 500: train_loss=0.077390
[2026-02-20 19:14:46] epoch 1 step 550: train_loss=0.141913
[2026-02-20 19:14:57] epoch 1 step 600: train_loss=0.092421
[2026-02-20 19:15:09] epoch 1 step 650: train_loss=0.083370
[2026-02-20 19:15:21] epoch 1 step 700: train_loss=0.080490
[2026-02-20 19:15:32] epoch 1 step 750: train_loss=0.175483
[2026-02-20 19:15:44] epoch 1 step 800: train_loss=0.085742
[2026-02-20 19:15:55] epoch 1 step 850: train_loss=0.081382
[2026-02-20 19:16:07] epoch 1 step 900: train_loss=0.069864
[2026-02-20 19:16:18] epoch 1 step 950: train_loss=0.074261
[2026-02-20 19:16:30] epoch 1 step 1000: train_loss=0.100353
[2026-02-20 19:16:41] epoch 1 step 1050: train_loss=0.092371
[2026-02-20 19:16:53] epoch 1 step 1100: train_loss=0.057768
[2026-02-20 19:17:05] epoch 1 step 1150: train_loss=0.067935
[2026-02-20 19:17:16] epoch 1 step 1200: train_loss=0.072225
[2026-02-20 19:17:28] epoch 1 step 1250: train_loss=0.078346
[2026-02-20 19:17:39] epoch 1 step 1300: train_loss=0.057424
[2026-02-20 19:17:51] epoch 1 step 1350: train_loss=0.090900
[2026-02-20 19:18:02] epoch 1 step 1400: train_loss=0.094910
[2026-02-20 19:18:14] epoch 1 step 1450: train_loss=0.081759
[2026-02-20 19:18:25] epoch 1 step 1500: train_loss=0.075141
[2026-02-20 19:18:37] epoch 1 step 1550: train_loss=0.089318
[2026-02-20 19:18:49] epoch 1 step 1600: train_loss=0.098976
[2026-02-20 19:19:00] epoch 1 step 1650: train_loss=0.146948
[2026-02-20 19:19:12] epoch 1 step 1700: train_loss=0.086189
[2026-02-20 19:19:23] epoch 1 step 1750: train_loss=0.101359
[2026-02-20 19:19:35] epoch 1 step 1800: train_loss=0.086392
[2026-02-20 19:19:46] epoch 1 step 1850: train_loss=0.082980
[2026-02-20 19:19:58] epoch 1 step 1900: train_loss=0.101708
[2026-02-20 19:20:09] epoch 1 step 1950: train_loss=0.130208
[2026-02-20 19:20:21] epoch 1 step 2000: train_loss=0.068619
[2026-02-20 19:20:33] epoch 1 step 2050: train_loss=0.068186
[2026-02-20 19:20:44] epoch 1 step 2100: train_loss=0.103129
[2026-02-20 19:20:56] epoch 1 step 2150: train_loss=0.094267
[2026-02-20 19:21:07] epoch 1 step 2200: train_loss=0.073985
[2026-02-20 19:21:19] epoch 1 step 2250: train_loss=0.109999
[2026-02-20 19:21:30] epoch 1 step 2300: train_loss=0.073157
[2026-02-20 19:21:42] epoch 1 step 2350: train_loss=0.085416
[2026-02-20 19:21:54] epoch 1 step 2400: train_loss=0.073800
[2026-02-20 19:22:05] epoch 1 step 2450: train_loss=0.104703
[2026-02-20 19:22:17] epoch 1 step 2500: train_loss=0.076873
[2026-02-20 19:22:28] epoch 1 step 2550: train_loss=0.089663
[2026-02-20 19:22:40] epoch 1 step 2600: train_loss=0.068618
[2026-02-20 19:22:51] epoch 1 step 2650: train_loss=0.060787
[2026-02-20 19:23:03] epoch 1 step 2700: train_loss=0.082704
[2026-02-20 19:23:14] epoch 1 step 2750: train_loss=0.099864
[2026-02-20 19:23:26] epoch 1 step 2800: train_loss=0.087063
[2026-02-20 19:23:38] epoch 1 step 2850: train_loss=0.080938
[2026-02-20 19:23:49] epoch 1 step 2900: train_loss=0.073446
[2026-02-20 19:24:01] epoch 1 step 2950: train_loss=0.078373
[2026-02-20 19:24:12] epoch 1 step 3000: train_loss=0.107348
[2026-02-20 19:24:24] epoch 1 step 3050: train_loss=0.091684
[2026-02-20 19:24:35] epoch 1 step 3100: train_loss=0.100735
[2026-02-20 19:24:47] epoch 1 step 3150: train_loss=0.067973
[2026-02-20 19:24:58] epoch 1 step 3200: train_loss=0.084494
[2026-02-20 19:25:10] epoch 1 step 3250: train_loss=0.073751
[2026-02-20 19:25:22] epoch 1 step 3300: train_loss=0.110206
[2026-02-20 19:25:33] epoch 1 step 3350: train_loss=0.110217
[2026-02-20 19:25:45] epoch 1 step 3400: train_loss=0.104418
[2026-02-20 19:25:56] epoch 1 step 3450: train_loss=0.077067
[2026-02-20 19:26:08] epoch 1 step 3500: train_loss=0.087826
[2026-02-20 19:26:19] epoch 1 step 3550: train_loss=0.072846
[2026-02-20 19:26:31] epoch 1 step 3600: train_loss=0.110135
[2026-02-20 19:26:42] epoch 1 step 3650: train_loss=0.090165
[2026-02-20 19:26:54] epoch 1 step 3700: train_loss=0.093365
[2026-02-20 19:27:06] epoch 1 step 3750: train_loss=0.090677
[2026-02-20 19:27:17] epoch 1 step 3800: train_loss=0.094815
[2026-02-20 19:27:29] epoch 1 step 3850: train_loss=0.086071
[2026-02-20 19:27:40] epoch 1 step 3900: train_loss=0.079868
[2026-02-20 19:27:52] epoch 1 step 3950: train_loss=0.083990
[2026-02-20 19:28:03] epoch 1 step 4000: train_loss=0.102796
[2026-02-20 19:28:15] epoch 1 step 4050: train_loss=0.097344
[2026-02-20 19:28:26] epoch 1 step 4100: train_loss=0.060966
[2026-02-20 19:28:38] epoch 1 step 4150: train_loss=0.074990
[2026-02-20 19:28:50] epoch 1 step 4200: train_loss=0.064808
[2026-02-20 19:29:01] epoch 1 step 4250: train_loss=0.091095
[2026-02-20 19:29:13] epoch 1 step 4300: train_loss=0.099654
[2026-02-20 19:29:24] epoch 1 step 4350: train_loss=0.085827
[2026-02-20 19:29:36] epoch 1 step 4400: train_loss=0.081587
[2026-02-20 19:29:47] epoch 1 step 4450: train_loss=0.118349
[2026-02-20 19:29:59] epoch 1 step 4500: train_loss=0.073394
[2026-02-20 19:30:10] epoch 1 step 4550: train_loss=0.075829
[2026-02-20 19:30:22] epoch 1 step 4600: train_loss=0.079355
[2026-02-20 19:30:34] epoch 1 step 4650: train_loss=0.073360
[2026-02-20 19:30:45] epoch 1 step 4700: train_loss=0.113577
[2026-02-20 19:30:57] epoch 1 step 4750: train_loss=0.081863
[2026-02-20 19:31:08] epoch 1 step 4800: train_loss=0.059876
[2026-02-20 19:31:20] epoch 1 step 4850: train_loss=0.072537
[2026-02-20 19:31:31] epoch 1 step 4900: train_loss=0.100526
[2026-02-20 19:31:43] epoch 1 step 4950: train_loss=0.085562
[2026-02-20 19:31:54] epoch 1 step 5000: train_loss=0.088893
[2026-02-20 19:32:06] epoch 1 step 5050: train_loss=0.089395
[2026-02-20 19:32:18] epoch 1 step 5100: train_loss=0.073954
[2026-02-20 19:32:29] epoch 1 step 5150: train_loss=0.097241
[2026-02-20 19:32:41] epoch 1 step 5200: train_loss=0.100115
[2026-02-20 19:32:52] epoch 1 step 5250: train_loss=0.077469
[2026-02-20 19:33:04] epoch 1 step 5300: train_loss=0.071002
[2026-02-20 19:33:15] epoch 1 step 5350: train_loss=0.066038
[2026-02-20 19:33:27] epoch 1 step 5400: train_loss=0.067116
[2026-02-20 19:33:38] epoch 1 step 5450: train_loss=0.068633
[2026-02-20 19:33:50] epoch 1 step 5500: train_loss=0.083648
[2026-02-20 19:34:02] epoch 1 step 5550: train_loss=0.069829
[2026-02-20 19:34:13] epoch 1 step 5600: train_loss=0.091169
[2026-02-20 19:34:25] epoch 1 step 5650: train_loss=0.101648
[2026-02-20 19:34:36] epoch 1 step 5700: train_loss=0.078509
[2026-02-20 19:34:48] epoch 1 step 5750: train_loss=0.089810
[2026-02-20 19:34:59] epoch 1 step 5800: train_loss=0.099693
[2026-02-20 19:35:11] epoch 1 step 5850: train_loss=0.109996
[2026-02-20 19:35:22] epoch 1 step 5900: train_loss=0.068016
[2026-02-20 19:35:34] epoch 1 step 5950: train_loss=0.082794
[2026-02-20 19:35:46] epoch 1 step 6000: train_loss=0.087675
[2026-02-20 19:35:57] epoch 1 step 6050: train_loss=0.081385
[2026-02-20 19:36:09] epoch 1 step 6100: train_loss=0.087793
[2026-02-20 19:36:20] epoch 1 step 6150: train_loss=0.088906
[2026-02-20 19:36:32] epoch 1 step 6200: train_loss=0.114143
[2026-02-20 19:36:43] epoch 1 step 6250: train_loss=0.096380
[2026-02-20 19:36:55] epoch 1 step 6300: train_loss=0.089965
[2026-02-20 19:37:06] epoch 1 step 6350: train_loss=0.093230
[2026-02-20 19:37:18] epoch 1 step 6400: train_loss=0.085046
[2026-02-20 19:37:29] epoch 1 step 6450: train_loss=0.090103
[2026-02-20 19:37:41] epoch 1 step 6500: train_loss=0.095153
[2026-02-20 19:37:53] epoch 1 step 6550: train_loss=0.128023
[2026-02-20 19:38:04] epoch 1 step 6600: train_loss=0.067477
[2026-02-20 19:38:16] epoch 1 step 6650: train_loss=0.106865
[2026-02-20 19:38:27] epoch 1 step 6700: train_loss=0.092370
[2026-02-20 19:38:39] epoch 1 step 6750: train_loss=0.089932
[2026-02-20 19:38:50] epoch 1 step 6800: train_loss=0.059737
[2026-02-20 19:39:02] epoch 1 step 6850: train_loss=0.071476
[2026-02-20 19:39:13] epoch 1 step 6900: train_loss=0.082199
[2026-02-20 19:39:25] epoch 1 step 6950: train_loss=0.082709
[2026-02-20 19:39:37] epoch 1 step 7000: train_loss=0.058874
[2026-02-20 19:39:48] epoch 1 step 7050: train_loss=0.084495
[2026-02-20 19:40:00] epoch 1 step 7100: train_loss=0.093250
[2026-02-20 19:40:11] epoch 1 step 7150: train_loss=0.102947
[2026-02-20 19:40:23] epoch 1 step 7200: train_loss=0.079067
[2026-02-20 19:40:34] epoch 1 step 7250: train_loss=0.070252
[2026-02-20 19:40:46] epoch 1 step 7300: train_loss=0.063652
[2026-02-20 19:40:57] epoch 1 step 7350: train_loss=0.082796
[2026-02-20 19:41:09] epoch 1 step 7400: train_loss=0.094084
[2026-02-20 19:41:21] epoch 1 step 7450: train_loss=0.063255
[2026-02-20 19:41:32] epoch 1 step 7500: train_loss=0.102702
[2026-02-20 19:41:44] epoch 1 step 7550: train_loss=0.085579
[2026-02-20 19:41:55] epoch 1 step 7600: train_loss=0.072039
[2026-02-20 19:42:07] epoch 1 step 7650: train_loss=0.078774
[2026-02-20 19:42:18] epoch 1 step 7700: train_loss=0.072417
[2026-02-20 19:42:30] epoch 1 step 7750: train_loss=0.078142
[2026-02-20 19:42:41] epoch 1 step 7800: train_loss=0.098514
[2026-02-20 19:42:53] epoch 1 step 7850: train_loss=0.084759
[2026-02-20 19:43:05] epoch 1 step 7900: train_loss=0.073984
[2026-02-20 19:43:16] epoch 1 step 7950: train_loss=0.079504
[2026-02-20 19:43:28] epoch 1 step 8000: train_loss=0.072055
[2026-02-20 19:43:39] epoch 1 step 8050: train_loss=0.070834
[2026-02-20 19:43:51] epoch 1 step 8100: train_loss=0.083521
[2026-02-20 19:44:02] epoch 1 step 8150: train_loss=0.065949
[2026-02-20 19:44:14] epoch 1 step 8200: train_loss=0.109134
[2026-02-20 19:44:25] epoch 1 step 8250: train_loss=0.075591
[2026-02-20 19:44:37] epoch 1 step 8300: train_loss=0.052057
[2026-02-20 19:44:49] epoch 1 step 8350: train_loss=0.083705
[2026-02-20 19:45:00] epoch 1 step 8400: train_loss=0.064588
[2026-02-20 19:45:12] epoch 1 step 8450: train_loss=0.111268
[2026-02-20 19:45:23] epoch 1 step 8500: train_loss=0.076666
[2026-02-20 19:45:35] epoch 1 step 8550: train_loss=0.112796
[2026-02-20 19:45:46] epoch 1 step 8600: train_loss=0.088669
[2026-02-20 19:45:58] epoch 1 step 8650: train_loss=0.094035
[2026-02-20 19:46:09] epoch 1 step 8700: train_loss=0.075010
[2026-02-20 19:46:21] epoch 1 step 8750: train_loss=0.079799
[2026-02-20 19:46:32] epoch 1 step 8800: train_loss=0.072274
[2026-02-20 19:46:44] epoch 1 step 8850: train_loss=0.111120
[2026-02-20 19:46:56] epoch 1 step 8900: train_loss=0.090914
[2026-02-20 19:47:07] epoch 1 step 8950: train_loss=0.075228
[2026-02-20 19:47:19] epoch 1 step 9000: train_loss=0.094800
[2026-02-20 19:47:30] epoch 1 step 9050: train_loss=0.077949
[2026-02-20 19:47:42] epoch 1 step 9100: train_loss=0.116519
[2026-02-20 19:47:53] epoch 1 step 9150: train_loss=0.120074
[2026-02-20 19:48:05] epoch 1 step 9200: train_loss=0.108813
[2026-02-20 19:48:16] epoch 1 step 9250: train_loss=0.112786
[2026-02-20 19:48:28] epoch 1 step 9300: train_loss=0.103375
[2026-02-20 19:48:40] epoch 1 step 9350: train_loss=0.080593
[2026-02-20 19:48:51] epoch 1 step 9400: train_loss=0.064392
[2026-02-20 19:49:03] epoch 1 step 9450: train_loss=0.084229
[2026-02-20 19:49:14] epoch 1 step 9500: train_loss=0.109777
[2026-02-20 19:49:26] epoch 1 step 9550: train_loss=0.073272
[2026-02-20 19:49:37] epoch 1 step 9600: train_loss=0.095515
[2026-02-20 19:49:49] epoch 1 step 9650: train_loss=0.070236
[2026-02-20 19:50:00] epoch 1 step 9700: train_loss=0.060668
[2026-02-20 19:50:12] epoch 1 step 9750: train_loss=0.082724
[2026-02-20 19:50:23] epoch 1 step 9800: train_loss=0.082078
[2026-02-20 19:50:35] epoch 1 step 9850: train_loss=0.084694
[2026-02-20 19:50:47] epoch 1 step 9900: train_loss=0.079374
[2026-02-20 19:50:58] epoch 1 step 9950: train_loss=0.092802
[2026-02-20 19:51:10] epoch 1 step 10000: train_loss=0.092676
[2026-02-20 19:51:21] epoch 1 step 10050: train_loss=0.095398
[2026-02-20 19:51:33] epoch 1 step 10100: train_loss=0.106167
[2026-02-20 19:51:44] epoch 1 step 10150: train_loss=0.067363
[2026-02-20 19:51:56] epoch 1 step 10200: train_loss=0.069695
[2026-02-20 19:52:07] epoch 1 step 10250: train_loss=0.082730
[2026-02-20 19:52:19] epoch 1 step 10300: train_loss=0.073410
[2026-02-20 19:52:31] epoch 1 step 10350: train_loss=0.080377
[2026-02-20 19:52:42] epoch 1 step 10400: train_loss=0.077676
[2026-02-20 19:52:54] epoch 1 step 10450: train_loss=0.082257
[2026-02-20 19:53:05] epoch 1 step 10500: train_loss=0.116722
[2026-02-20 19:53:17] epoch 1 step 10550: train_loss=0.090890
[2026-02-20 19:53:28] epoch 1 step 10600: train_loss=0.085003
[2026-02-20 19:53:40] epoch 1 step 10650: train_loss=0.087557
[2026-02-20 19:53:51] epoch 1 step 10700: train_loss=0.074014
[2026-02-20 19:54:03] epoch 1 step 10750: train_loss=0.071938
[2026-02-20 19:54:14] epoch 1 step 10800: train_loss=0.104499
[2026-02-20 19:54:26] epoch 1 step 10850: train_loss=0.069658
[2026-02-20 19:54:38] epoch 1 step 10900: train_loss=0.073957
[2026-02-20 19:54:49] epoch 1 step 10950: train_loss=0.122194
[2026-02-20 19:55:01] epoch 1 step 11000: train_loss=0.075422
[2026-02-20 19:55:12] epoch 1 step 11050: train_loss=0.142744
[2026-02-20 19:55:24] epoch 1 step 11100: train_loss=0.090899
[2026-02-20 19:55:35] epoch 1 step 11150: train_loss=0.129403
[2026-02-20 19:55:47] epoch 1 step 11200: train_loss=0.070791
[2026-02-20 19:55:58] epoch 1 step 11250: train_loss=0.095326
[2026-02-20 19:56:10] epoch 1 step 11300: train_loss=0.114643
[2026-02-20 19:56:22] epoch 1 step 11350: train_loss=0.069217
[2026-02-20 19:56:33] epoch 1 step 11400: train_loss=0.093173
[2026-02-20 19:56:45] epoch 1 step 11450: train_loss=0.107291
[2026-02-20 19:56:56] epoch 1 step 11500: train_loss=0.073713
[2026-02-20 19:57:08] epoch 1 step 11550: train_loss=0.079729
[2026-02-20 19:57:19] epoch 1 step 11600: train_loss=0.081572
[2026-02-20 19:57:31] epoch 1 step 11650: train_loss=0.089692
[2026-02-20 19:57:42] epoch 1 step 11700: train_loss=0.095676
[2026-02-20 19:57:54] epoch 1 step 11750: train_loss=0.079513
[2026-02-20 19:58:05] epoch 1 step 11800: train_loss=0.066530
[2026-02-20 19:58:17] epoch 1 step 11850: train_loss=0.077569
[2026-02-20 19:58:29] epoch 1 step 11900: train_loss=0.091264
[2026-02-20 19:58:40] epoch 1 step 11950: train_loss=0.095315
[2026-02-20 19:58:52] epoch 1 step 12000: train_loss=0.058058
[2026-02-20 19:59:03] epoch 1 step 12050: train_loss=0.089849
[2026-02-20 19:59:15] epoch 1 step 12100: train_loss=0.105680
[2026-02-20 19:59:26] epoch 1 step 12150: train_loss=0.059712
[2026-02-20 19:59:38] epoch 1 step 12200: train_loss=0.082740
[2026-02-20 19:59:49] epoch 1 step 12250: train_loss=0.062589
[2026-02-20 20:00:01] epoch 1 step 12300: train_loss=0.070583
[2026-02-20 20:00:13] epoch 1 step 12350: train_loss=0.103847
[2026-02-20 20:00:24] epoch 1 step 12400: train_loss=0.083896
[2026-02-20 20:00:36] epoch 1 step 12450: train_loss=0.150529
[2026-02-20 20:00:47] epoch 1 step 12500: train_loss=0.089416
[2026-02-20 20:00:59] epoch 1 step 12550: train_loss=0.088855
[2026-02-20 20:01:10] epoch 1 step 12600: train_loss=0.063851
[2026-02-20 20:01:22] epoch 1 step 12650: train_loss=0.068879
[2026-02-20 20:01:33] epoch 1 step 12700: train_loss=0.084823
[2026-02-20 20:01:45] epoch 1 step 12750: train_loss=0.060761
[2026-02-20 20:01:56] epoch 1 step 12800: train_loss=0.074811
[2026-02-20 20:02:08] epoch 1 step 12850: train_loss=0.065316
[2026-02-20 20:02:20] epoch 1 step 12900: train_loss=0.070143
[2026-02-20 20:02:31] epoch 1 step 12950: train_loss=0.093344
[2026-02-20 20:02:43] epoch 1 step 13000: train_loss=0.069358
[2026-02-20 20:02:54] epoch 1 step 13050: train_loss=0.067285
[2026-02-20 20:03:06] epoch 1 step 13100: train_loss=0.098216
[2026-02-20 20:03:17] epoch 1 step 13150: train_loss=0.111878
[2026-02-20 20:03:29] epoch 1 step 13200: train_loss=0.072309
[2026-02-20 20:03:40] epoch 1 step 13250: train_loss=0.077602
[2026-02-20 20:03:52] epoch 1 step 13300: train_loss=0.091067
[2026-02-20 20:04:04] epoch 1 step 13350: train_loss=0.064920
[2026-02-20 20:04:15] epoch 1 step 13400: train_loss=0.075768
[2026-02-20 20:04:27] epoch 1 step 13450: train_loss=0.074133
[2026-02-20 20:04:38] epoch 1 step 13500: train_loss=0.081850
[2026-02-20 20:04:50] epoch 1 step 13550: train_loss=0.094203
[2026-02-20 20:05:01] epoch 1 step 13600: train_loss=0.079561
[2026-02-20 20:05:13] epoch 1 step 13650: train_loss=0.075366
[2026-02-20 20:05:24] epoch 1 step 13700: train_loss=0.076582
[2026-02-20 20:05:36] epoch 1 step 13750: train_loss=0.055253
[2026-02-20 20:05:47] epoch 1 step 13800: train_loss=0.092849
[2026-02-20 20:05:59] epoch 1 step 13850: train_loss=0.073631
[2026-02-20 20:06:11] epoch 1 step 13900: train_loss=0.093390
[2026-02-20 20:06:22] epoch 1 step 13950: train_loss=0.075884
[2026-02-20 20:06:34] epoch 1 step 14000: train_loss=0.091833
[2026-02-20 20:06:45] epoch 1 step 14050: train_loss=0.097473
[2026-02-20 20:06:57] epoch 1 step 14100: train_loss=0.089979
[2026-02-20 20:07:08] epoch 1 step 14150: train_loss=0.068864
[2026-02-20 20:07:20] epoch 1 step 14200: train_loss=0.094979
[2026-02-20 20:07:31] epoch 1 step 14250: train_loss=0.093231
[2026-02-20 20:07:43] epoch 1 step 14300: train_loss=0.069106
[2026-02-20 20:07:55] epoch 1 step 14350: train_loss=0.081178
[2026-02-20 20:08:06] epoch 1 step 14400: train_loss=0.076958
[2026-02-20 20:08:18] epoch 1 step 14450: train_loss=0.101060
[2026-02-20 20:08:29] epoch 1 step 14500: train_loss=0.081460
[2026-02-20 20:08:41] epoch 1 step 14550: train_loss=0.093657
[2026-02-20 20:08:52] epoch 1 step 14600: train_loss=0.091663
[2026-02-20 20:09:04] epoch 1 step 14650: train_loss=0.124145
[2026-02-20 20:09:15] epoch 1 step 14700: train_loss=0.061053
[2026-02-20 20:09:27] epoch 1 step 14750: train_loss=0.086381
[2026-02-20 20:09:39] epoch 1 step 14800: train_loss=0.113607
[2026-02-20 20:09:50] epoch 1 step 14850: train_loss=0.091053
[2026-02-20 20:10:02] epoch 1 step 14900: train_loss=0.063195
[2026-02-20 20:10:13] epoch 1 step 14950: train_loss=0.090221
[2026-02-20 20:10:25] epoch 1 step 15000: train_loss=0.093316
[2026-02-20 20:10:36] epoch 1 step 15050: train_loss=0.118432
[2026-02-20 20:10:48] epoch 1 step 15100: train_loss=0.073785
[2026-02-20 20:10:59] epoch 1 step 15150: train_loss=0.089046
[2026-02-20 20:11:11] epoch 1 step 15200: train_loss=0.083488
[2026-02-20 20:11:22] epoch 1 step 15250: train_loss=0.074071
[2026-02-20 20:11:34] epoch 1 step 15300: train_loss=0.092586
[2026-02-20 20:11:46] epoch 1 step 15350: train_loss=0.070202
[2026-02-20 20:11:57] epoch 1 step 15400: train_loss=0.096972
[2026-02-20 20:12:09] epoch 1 step 15450: train_loss=0.082352
[2026-02-20 20:12:20] epoch 1 step 15500: train_loss=0.080881
[2026-02-20 20:12:32] epoch 1 step 15550: train_loss=0.091748
[2026-02-20 20:12:43] epoch 1 step 15600: train_loss=0.084616
[2026-02-20 20:12:55] epoch 1 step 15650: train_loss=0.067635
[2026-02-20 20:13:06] epoch 1 step 15700: train_loss=0.072021
[2026-02-20 20:13:18] epoch 1 step 15750: train_loss=0.111253
[2026-02-20 20:13:30] epoch 1 step 15800: train_loss=0.119180
[2026-02-20 20:13:41] epoch 1 step 15850: train_loss=0.088663
[2026-02-20 20:13:53] epoch 1 step 15900: train_loss=0.081720
[2026-02-20 20:14:04] epoch 1 step 15950: train_loss=0.080739
[2026-02-20 20:14:16] epoch 1 step 16000: train_loss=0.073892
[2026-02-20 20:14:27] epoch 1 step 16050: train_loss=0.095547
[2026-02-20 20:14:39] epoch 1 step 16100: train_loss=0.075539
[2026-02-20 20:14:50] epoch 1 step 16150: train_loss=0.097488
[2026-02-20 20:15:02] epoch 1 step 16200: train_loss=0.073313
[2026-02-20 20:15:13] epoch 1 step 16250: train_loss=0.076799
[2026-02-20 20:15:25] epoch 1 step 16300: train_loss=0.092718
[2026-02-20 20:15:37] epoch 1 step 16350: train_loss=0.096013
[2026-02-20 20:15:48] epoch 1 step 16400: train_loss=0.079737
[2026-02-20 20:16:00] epoch 1 step 16450: train_loss=0.074041
[2026-02-20 20:16:11] epoch 1 step 16500: train_loss=0.068640
[2026-02-20 20:16:23] epoch 1 step 16550: train_loss=0.073685
[2026-02-20 20:16:34] epoch 1 step 16600: train_loss=0.074214
[2026-02-20 20:16:46] epoch 1 step 16650: train_loss=0.076423
[2026-02-20 20:16:57] epoch 1 step 16700: train_loss=0.102292
[2026-02-20 20:17:09] epoch 1 step 16750: train_loss=0.081630
[2026-02-20 20:17:21] epoch 1 step 16800: train_loss=0.079274
[2026-02-20 20:17:32] epoch 1 step 16850: train_loss=0.076364
[2026-02-20 20:17:44] epoch 1 step 16900: train_loss=0.088832
[2026-02-20 20:17:55] epoch 1 step 16950: train_loss=0.079398
[2026-02-20 20:18:07] epoch 1 step 17000: train_loss=0.088364
[2026-02-20 20:18:18] epoch 1 step 17050: train_loss=0.094453
[2026-02-20 20:18:30] epoch 1 step 17100: train_loss=0.099988
[2026-02-20 20:18:41] epoch 1 step 17150: train_loss=0.074293
[2026-02-20 20:18:53] epoch 1 step 17200: train_loss=0.069468
[2026-02-20 20:19:05] epoch 1 step 17250: train_loss=0.060025
[2026-02-20 20:19:16] epoch 1 step 17300: train_loss=0.102230
[2026-02-20 20:19:28] epoch 1 step 17350: train_loss=0.092274
[2026-02-20 20:19:39] epoch 1 step 17400: train_loss=0.061688
[2026-02-20 20:19:51] epoch 1 step 17450: train_loss=0.139314
[2026-02-20 20:20:02] epoch 1 step 17500: train_loss=0.075219
[2026-02-20 20:20:14] epoch 1 step 17550: train_loss=0.106622
[2026-02-20 20:20:25] epoch 1 step 17600: train_loss=0.088835
[2026-02-20 20:20:37] epoch 1 step 17650: train_loss=0.088961
[2026-02-20 20:20:48] epoch 1 step 17700: train_loss=0.105125
[2026-02-20 20:21:00] epoch 1 step 17750: train_loss=0.079291
[2026-02-20 20:21:12] epoch 1 step 17800: train_loss=0.055508
[2026-02-20 20:21:23] epoch 1 step 17850: train_loss=0.078975
[2026-02-20 20:21:35] epoch 1 step 17900: train_loss=0.062178
[2026-02-20 20:21:46] epoch 1 step 17950: train_loss=0.087758
[2026-02-20 20:21:58] epoch 1 step 18000: train_loss=0.081848
[2026-02-20 20:22:09] epoch 1 step 18050: train_loss=0.069197
[2026-02-20 20:22:21] epoch 1 step 18100: train_loss=0.079354
[2026-02-20 20:22:32] epoch 1 step 18150: train_loss=0.093276
[2026-02-20 20:22:44] epoch 1 step 18200: train_loss=0.094710
[2026-02-20 20:22:56] epoch 1 step 18250: train_loss=0.067560
[2026-02-20 20:23:07] epoch 1 step 18300: train_loss=0.083811
[2026-02-20 20:23:19] epoch 1 step 18350: train_loss=0.084649
[2026-02-20 20:23:30] epoch 1 step 18400: train_loss=0.092312
[2026-02-20 20:23:42] epoch 1 step 18450: train_loss=0.072099
[2026-02-20 20:23:53] epoch 1 step 18500: train_loss=0.072815
[2026-02-20 20:24:05] epoch 1 step 18550: train_loss=0.076834
[2026-02-20 20:24:16] epoch 1 step 18600: train_loss=0.086860
[2026-02-20 20:24:28] epoch 1 step 18650: train_loss=0.097537
[2026-02-20 20:24:39] epoch 1 step 18700: train_loss=0.068480
[2026-02-20 20:24:51] epoch 1 step 18750: train_loss=0.068029
[2026-02-20 20:25:03] epoch 1 step 18800: train_loss=0.080206
[2026-02-20 20:25:14] epoch 1 step 18850: train_loss=0.077557
[2026-02-20 20:25:26] epoch 1 step 18900: train_loss=0.089597
[2026-02-20 20:25:37] epoch 1 step 18950: train_loss=0.077309
[2026-02-20 20:25:49] epoch 1 step 19000: train_loss=0.064847
[2026-02-20 20:26:00] epoch 1 step 19050: train_loss=0.116776
[2026-02-20 20:26:12] epoch 1 step 19100: train_loss=0.083050
[2026-02-20 20:26:23] epoch 1 step 19150: train_loss=0.081381
[2026-02-20 20:26:35] epoch 1 step 19200: train_loss=0.072266
[2026-02-20 20:26:47] epoch 1 step 19250: train_loss=0.063120
[2026-02-20 20:26:58] epoch 1 step 19300: train_loss=0.092991
[2026-02-20 20:27:10] epoch 1 step 19350: train_loss=0.092136
[2026-02-20 20:27:21] epoch 1 step 19400: train_loss=0.101701
[2026-02-20 20:27:33] epoch 1 step 19450: train_loss=0.081445
[2026-02-20 20:27:44] epoch 1 step 19500: train_loss=0.059704
[2026-02-20 20:27:56] epoch 1 step 19550: train_loss=0.096280
[2026-02-20 20:28:07] epoch 1 step 19600: train_loss=0.077043
[2026-02-20 20:28:19] epoch 1 step 19650: train_loss=0.064852
[2026-02-20 20:28:31] epoch 1 step 19700: train_loss=0.106485
[2026-02-20 20:28:42] epoch 1 step 19750: train_loss=0.070919
[2026-02-20 20:28:54] epoch 1 step 19800: train_loss=0.129612
[2026-02-20 20:29:05] epoch 1 step 19850: train_loss=0.095594
[2026-02-20 20:29:17] epoch 1 step 19900: train_loss=0.075301
[2026-02-20 20:29:28] epoch 1 step 19950: train_loss=0.081213
[2026-02-20 20:29:40] epoch 1 step 20000: train_loss=0.074876
[2026-02-20 20:29:51] epoch 1 step 20050: train_loss=0.078861
[2026-02-20 20:30:03] epoch 1 step 20100: train_loss=0.095268
[2026-02-20 20:30:15] epoch 1 step 20150: train_loss=0.093440
[2026-02-20 20:30:26] epoch 1 step 20200: train_loss=0.061934
[2026-02-20 20:30:38] epoch 1 step 20250: train_loss=0.088822
[2026-02-20 20:30:49] epoch 1 step 20300: train_loss=0.095509
[2026-02-20 20:31:01] epoch 1 step 20350: train_loss=0.119542
[2026-02-20 20:31:12] epoch 1 step 20400: train_loss=0.066974
[2026-02-20 20:31:24] epoch 1 step 20450: train_loss=0.104611
[2026-02-20 20:31:35] epoch 1 step 20500: train_loss=0.054930
[2026-02-20 20:31:47] epoch 1 step 20550: train_loss=0.065719
[2026-02-20 20:31:58] epoch 1 step 20600: train_loss=0.105411
[2026-02-20 20:32:10] epoch 1 step 20650: train_loss=0.080181
[2026-02-20 20:32:22] epoch 1 step 20700: train_loss=0.097983
[2026-02-20 20:32:33] epoch 1 step 20750: train_loss=0.084042
[2026-02-20 20:32:45] epoch 1 step 20800: train_loss=0.099800
[2026-02-20 20:32:56] epoch 1 step 20850: train_loss=0.132340
[2026-02-20 20:33:08] epoch 1 step 20900: train_loss=0.064442
[2026-02-20 20:33:19] epoch 1 step 20950: train_loss=0.100689
[2026-02-20 20:33:31] epoch 1 step 21000: train_loss=0.078421
[2026-02-20 20:33:42] epoch 1 step 21050: train_loss=0.075166
[2026-02-20 20:33:54] epoch 1 step 21100: train_loss=0.081746
[2026-02-20 20:34:06] epoch 1 step 21150: train_loss=0.087624
[2026-02-20 20:34:17] epoch 1 step 21200: train_loss=0.088649
[2026-02-20 20:34:29] epoch 1 step 21250: train_loss=0.085526
[2026-02-20 20:34:40] epoch 1 step 21300: train_loss=0.114834
[2026-02-20 20:34:52] epoch 1 step 21350: train_loss=0.101720
[2026-02-20 20:35:03] epoch 1 step 21400: train_loss=0.107049
[2026-02-20 20:35:15] epoch 1 step 21450: train_loss=0.076077
[2026-02-20 20:35:26] epoch 1 step 21500: train_loss=0.067764
[2026-02-20 20:35:38] epoch 1 step 21550: train_loss=0.073513
[2026-02-20 20:35:49] epoch 1 step 21600: train_loss=0.114252
[2026-02-20 20:36:01] epoch 1 step 21650: train_loss=0.073366
[2026-02-20 20:36:13] epoch 1 step 21700: train_loss=0.109505
[2026-02-20 20:36:24] epoch 1 step 21750: train_loss=0.061167
[2026-02-20 20:36:36] epoch 1 step 21800: train_loss=0.085923
[2026-02-20 20:36:47] epoch 1 step 21850: train_loss=0.072069
[2026-02-20 20:36:59] epoch 1 step 21900: train_loss=0.081711
[2026-02-20 20:37:10] epoch 1 step 21950: train_loss=0.080451
[2026-02-20 20:37:22] epoch 1 step 22000: train_loss=0.066343
[2026-02-20 20:37:33] epoch 1 step 22050: train_loss=0.083280
[2026-02-20 20:37:45] epoch 1 step 22100: train_loss=0.115926
[2026-02-20 20:37:57] epoch 1 step 22150: train_loss=0.090001
[2026-02-20 20:38:08] epoch 1 step 22200: train_loss=0.087058
[2026-02-20 20:38:20] epoch 1 step 22250: train_loss=0.102207
[2026-02-20 20:38:31] epoch 1 step 22300: train_loss=0.078898
[2026-02-20 20:38:43] epoch 1 step 22350: train_loss=0.116633
[2026-02-20 20:38:54] epoch 1 step 22400: train_loss=0.062710
[2026-02-20 20:39:06] epoch 1 step 22450: train_loss=0.089356
[2026-02-20 20:39:17] epoch 1 step 22500: train_loss=0.120587
[2026-02-20 20:39:29] epoch 1 step 22550: train_loss=0.109529
[2026-02-20 20:39:40] epoch 1 step 22600: train_loss=0.081253
[2026-02-20 20:39:52] epoch 1 step 22650: train_loss=0.085149
[2026-02-20 20:40:04] epoch 1 step 22700: train_loss=0.078717
[2026-02-20 20:40:15] epoch 1 step 22750: train_loss=0.074548
[2026-02-20 20:40:27] epoch 1 step 22800: train_loss=0.073250
[2026-02-20 20:40:38] epoch 1 step 22850: train_loss=0.085433
[2026-02-20 20:40:50] epoch 1 step 22900: train_loss=0.068919
[2026-02-20 20:41:01] epoch 1 step 22950: train_loss=0.080876
[2026-02-20 20:41:13] epoch 1 step 23000: train_loss=0.086948
[2026-02-20 20:41:24] epoch 1 step 23050: train_loss=0.073196
[2026-02-20 20:41:36] epoch 1 step 23100: train_loss=0.071496
[2026-02-20 20:41:48] epoch 1 step 23150: train_loss=0.076076
[2026-02-20 20:41:59] epoch 1 step 23200: train_loss=0.082588
[2026-02-20 20:42:11] epoch 1 step 23250: train_loss=0.120330
[2026-02-20 20:42:22] epoch 1 step 23300: train_loss=0.092265
[2026-02-20 20:42:34] epoch 1 step 23350: train_loss=0.099142
[2026-02-20 20:42:45] epoch 1 step 23400: train_loss=0.077419
[2026-02-20 20:42:57] epoch 1 step 23450: train_loss=0.099066
[2026-02-20 20:43:08] epoch 1 step 23500: train_loss=0.066619
[2026-02-20 20:43:20] epoch 1 step 23550: train_loss=0.081405
[2026-02-20 20:43:32] epoch 1 step 23600: train_loss=0.068281
[2026-02-20 20:43:43] epoch 1 step 23650: train_loss=0.094830
[2026-02-20 20:43:55] epoch 1 step 23700: train_loss=0.066302
[2026-02-20 20:44:06] epoch 1 step 23750: train_loss=0.085862
[2026-02-20 20:44:18] epoch 1 step 23800: train_loss=0.078599
[2026-02-20 20:44:29] epoch 1 step 23850: train_loss=0.074806
[2026-02-20 20:44:41] epoch 1 step 23900: train_loss=0.091347
[2026-02-20 20:44:52] epoch 1 step 23950: train_loss=0.070487
[2026-02-20 20:45:04] epoch 1 step 24000: train_loss=0.075338
[2026-02-20 20:45:15] epoch 1 step 24050: train_loss=0.078140
[2026-02-20 20:45:27] epoch 1 step 24100: train_loss=0.079835
[2026-02-20 20:45:39] epoch 1 step 24150: train_loss=0.069819
[2026-02-20 20:45:50] epoch 1 step 24200: train_loss=0.079073
[2026-02-20 20:46:02] epoch 1 step 24250: train_loss=0.078838
[2026-02-20 20:46:13] epoch 1 step 24300: train_loss=0.060579
[2026-02-20 20:46:25] epoch 1 step 24350: train_loss=0.097474
[2026-02-20 20:46:36] epoch 1 step 24400: train_loss=0.071139
[2026-02-20 20:46:48] epoch 1 step 24450: train_loss=0.088232
[2026-02-20 20:46:59] epoch 1 step 24500: train_loss=0.078864
[2026-02-20 20:47:11] epoch 1 step 24550: train_loss=0.118657
[2026-02-20 20:47:23] epoch 1 step 24600: train_loss=0.076837
[2026-02-20 20:47:34] epoch 1 step 24650: train_loss=0.083678
[2026-02-20 20:47:46] epoch 1 step 24700: train_loss=0.077446
[2026-02-20 20:47:57] epoch 1 step 24750: train_loss=0.083454
[2026-02-20 20:48:09] epoch 1 step 24800: train_loss=0.093153
[2026-02-20 20:48:20] epoch 1 step 24850: train_loss=0.091814
[2026-02-20 20:48:32] epoch 1 step 24900: train_loss=0.088809
[2026-02-20 20:48:43] epoch 1 step 24950: train_loss=0.080627
[2026-02-20 20:48:55] epoch 1 step 25000: train_loss=0.116727
[2026-02-20 20:49:06] epoch 1 step 25050: train_loss=0.081543
[2026-02-20 20:49:18] epoch 1 step 25100: train_loss=0.081999
[2026-02-20 20:49:30] epoch 1 step 25150: train_loss=0.077817
[2026-02-20 20:49:41] epoch 1 step 25200: train_loss=0.065508
[2026-02-20 20:49:53] epoch 1 step 25250: train_loss=0.101057
[2026-02-20 20:50:04] epoch 1 step 25300: train_loss=0.095394
[2026-02-20 20:50:16] epoch 1 step 25350: train_loss=0.080575
[2026-02-20 20:50:27] epoch 1 step 25400: train_loss=0.099477
[2026-02-20 20:50:39] epoch 1 step 25450: train_loss=0.075655
[2026-02-20 20:50:50] epoch 1 step 25500: train_loss=0.088587
[2026-02-20 20:51:02] epoch 1 step 25550: train_loss=0.059542
[2026-02-20 20:51:14] epoch 1 step 25600: train_loss=0.068929
[2026-02-20 20:51:25] epoch 1 step 25650: train_loss=0.089376
[2026-02-20 20:51:37] epoch 1 step 25700: train_loss=0.076577
[2026-02-20 20:51:48] epoch 1 step 25750: train_loss=0.060302
[2026-02-20 20:52:00] epoch 1 step 25800: train_loss=0.077903
[2026-02-20 20:52:11] epoch 1 step 25850: train_loss=0.080968
[2026-02-20 20:52:23] epoch 1 step 25900: train_loss=0.082969
[2026-02-20 20:52:34] epoch 1 step 25950: train_loss=0.074858
[2026-02-20 20:52:46] epoch 1 step 26000: train_loss=0.098695
[2026-02-20 20:52:58] epoch 1 step 26050: train_loss=0.078711
[2026-02-20 20:53:09] epoch 1 step 26100: train_loss=0.067045
[2026-02-20 20:53:21] epoch 1 step 26150: train_loss=0.085004
[2026-02-20 20:53:32] epoch 1 step 26200: train_loss=0.123852
[2026-02-20 20:53:44] epoch 1 step 26250: train_loss=0.072286
[2026-02-20 20:53:55] epoch 1 step 26300: train_loss=0.080587
[2026-02-20 20:54:07] epoch 1 step 26350: train_loss=0.067530
[2026-02-20 20:54:18] epoch 1 step 26400: train_loss=0.097954
[2026-02-20 20:54:30] epoch 1 step 26450: train_loss=0.090012
[2026-02-20 20:54:41] epoch 1 step 26500: train_loss=0.105939
[2026-02-20 20:54:53] epoch 1 step 26550: train_loss=0.081252
[2026-02-20 20:55:05] epoch 1 step 26600: train_loss=0.096987
[2026-02-20 20:55:16] epoch 1 step 26650: train_loss=0.086302
[2026-02-20 20:55:28] epoch 1 step 26700: train_loss=0.076526
[2026-02-20 20:55:39] epoch 1 step 26750: train_loss=0.123667
[2026-02-20 20:55:51] epoch 1 step 26800: train_loss=0.102050
[2026-02-20 20:56:02] epoch 1 step 26850: train_loss=0.085150
[2026-02-20 20:56:14] epoch 1 step 26900: train_loss=0.043291
[2026-02-20 20:56:25] epoch 1 step 26950: train_loss=0.116491
[2026-02-20 20:56:37] epoch 1 step 27000: train_loss=0.096394
[2026-02-20 20:56:49] epoch 1 step 27050: train_loss=0.070671
[2026-02-20 20:57:00] epoch 1 step 27100: train_loss=0.091134
[2026-02-20 20:57:12] epoch 1 step 27150: train_loss=0.072440
[2026-02-20 20:57:23] epoch 1 step 27200: train_loss=0.067640
[2026-02-20 20:57:35] epoch 1 step 27250: train_loss=0.090733
[2026-02-20 20:57:46] epoch 1 step 27300: train_loss=0.083338
[2026-02-20 20:57:58] epoch 1 step 27350: train_loss=0.073865
[2026-02-20 20:58:09] epoch 1 step 27400: train_loss=0.109083
[2026-02-20 20:58:21] epoch 1 step 27450: train_loss=0.087839
[2026-02-20 20:58:33] epoch 1 step 27500: train_loss=0.076829
[2026-02-20 20:58:44] epoch 1 step 27550: train_loss=0.077521
[2026-02-20 20:58:56] epoch 1 step 27600: train_loss=0.112034
[2026-02-20 20:59:07] epoch 1 step 27650: train_loss=0.086377
[2026-02-20 20:59:19] epoch 1 step 27700: train_loss=0.070896
[2026-02-20 20:59:30] epoch 1 step 27750: train_loss=0.073011
[2026-02-20 20:59:42] epoch 1 step 27800: train_loss=0.078163
[2026-02-20 20:59:53] epoch 1 step 27850: train_loss=0.071196
[2026-02-20 21:00:05] epoch 1 step 27900: train_loss=0.089280
[2026-02-20 21:00:16] epoch 1 step 27950: train_loss=0.107681
[2026-02-20 21:00:28] epoch 1 step 28000: train_loss=0.069898
[2026-02-20 21:00:40] epoch 1 step 28050: train_loss=0.084924
[2026-02-20 21:00:51] epoch 1 step 28100: train_loss=0.090159
[2026-02-20 21:01:03] epoch 1 step 28150: train_loss=0.068511
[2026-02-20 21:01:14] epoch 1 step 28200: train_loss=0.086706
[2026-02-20 21:01:26] epoch 1 step 28250: train_loss=0.079163
[2026-02-20 21:01:37] epoch 1 step 28300: train_loss=0.087101
[2026-02-20 21:01:49] epoch 1 step 28350: train_loss=0.092720
[2026-02-20 21:02:00] epoch 1 step 28400: train_loss=0.076417
[2026-02-20 21:02:12] epoch 1 step 28450: train_loss=0.073401
[2026-02-20 21:02:24] epoch 1 step 28500: train_loss=0.079217
[2026-02-20 21:02:35] epoch 1 step 28550: train_loss=0.077501
[2026-02-20 21:02:47] epoch 1 step 28600: train_loss=0.066025
[2026-02-20 21:02:58] epoch 1 step 28650: train_loss=0.082770
[2026-02-20 21:03:10] epoch 1 step 28700: train_loss=0.085437
[2026-02-20 21:03:21] epoch 1 step 28750: train_loss=0.098911
[2026-02-20 21:03:33] epoch 1 step 28800: train_loss=0.062240
[2026-02-20 21:03:44] epoch 1 step 28850: train_loss=0.055643
[2026-02-20 21:03:56] epoch 1 step 28900: train_loss=0.094075
[2026-02-20 21:04:08] epoch 1 step 28950: train_loss=0.079511
[2026-02-20 21:04:19] epoch 1 step 29000: train_loss=0.065123
[2026-02-20 21:04:31] epoch 1 step 29050: train_loss=0.080184
[2026-02-20 21:04:42] epoch 1 step 29100: train_loss=0.076946
[2026-02-20 21:04:54] epoch 1 step 29150: train_loss=0.101340
[2026-02-20 21:05:05] epoch 1 step 29200: train_loss=0.065338
[2026-02-20 21:05:17] epoch 1 step 29250: train_loss=0.102231
[2026-02-20 21:05:28] epoch 1 step 29300: train_loss=0.062477
[2026-02-20 21:06:01] epoch 1 step 29350: train_loss=0.081293
[2026-02-20 21:06:27] epoch 1 step 29400: train_loss=0.080658
[2026-02-20 21:06:46] epoch 1 step 29450: train_loss=0.064313
[2026-02-20 21:07:02] epoch 1 step 29500: train_loss=0.071420
[2026-02-20 21:07:15] epoch 1 step 29550: train_loss=0.125502
[2026-02-20 21:07:27] epoch 1 step 29600: train_loss=0.080369
[2026-02-20 21:07:38] epoch 1 step 29650: train_loss=0.064121
[2026-02-20 21:07:50] epoch 1 step 29700: train_loss=0.079526
[2026-02-20 21:08:01] epoch 1 step 29750: train_loss=0.087416
[2026-02-20 21:08:13] epoch 1 step 29800: train_loss=0.078821
[2026-02-20 21:08:25] epoch 1 step 29850: train_loss=0.072462
[2026-02-20 21:08:36] epoch 1 step 29900: train_loss=0.093290
[2026-02-20 21:08:48] epoch 1 step 29950: train_loss=0.104878
[2026-02-20 21:08:59] epoch 1 step 30000: train_loss=0.090623
[2026-02-20 21:09:11] epoch 1 step 30050: train_loss=0.081827
[2026-02-20 21:09:22] epoch 1 step 30100: train_loss=0.103066
[2026-02-20 21:09:34] epoch 1 step 30150: train_loss=0.073219
[2026-02-20 21:09:45] epoch 1 step 30200: train_loss=0.077201
[2026-02-20 21:09:57] epoch 1 step 30250: train_loss=0.056623
[2026-02-20 21:10:08] epoch 1 step 30300: train_loss=0.102089
[2026-02-20 21:10:20] epoch 1 step 30350: train_loss=0.116913
[2026-02-20 21:10:32] epoch 1 step 30400: train_loss=0.085108
[2026-02-20 21:10:43] epoch 1 step 30450: train_loss=0.075422
[2026-02-20 21:10:55] epoch 1 step 30500: train_loss=0.090008
[2026-02-20 21:11:06] epoch 1 step 30550: train_loss=0.083980
[2026-02-20 21:11:18] epoch 1 step 30600: train_loss=0.071942
[2026-02-20 21:11:29] epoch 1 step 30650: train_loss=0.077412
[2026-02-20 21:11:41] epoch 1 step 30700: train_loss=0.080537
[2026-02-20 21:11:52] epoch 1 step 30750: train_loss=0.077692
[2026-02-20 21:12:04] epoch 1 step 30800: train_loss=0.084449
[2026-02-20 21:12:16] epoch 1 step 30850: train_loss=0.082740
[2026-02-20 21:12:27] epoch 1 step 30900: train_loss=0.086624
[2026-02-20 21:12:39] epoch 1 step 30950: train_loss=0.050084
[2026-02-20 21:12:50] epoch 1 step 31000: train_loss=0.103362
[2026-02-20 21:13:02] epoch 1 step 31050: train_loss=0.099832
[2026-02-20 21:13:13] epoch 1 step 31100: train_loss=0.081955
[2026-02-20 21:13:25] epoch 1 step 31150: train_loss=0.076623
[2026-02-20 21:13:36] epoch 1 step 31200: train_loss=0.074016
[2026-02-20 21:13:48] epoch 1 step 31250: train_loss=0.073557
[2026-02-20 21:14:00] epoch 1 step 31300: train_loss=0.066430
[2026-02-20 21:14:11] epoch 1 step 31350: train_loss=0.086385
[2026-02-20 21:14:23] epoch 1 step 31400: train_loss=0.081519
[2026-02-20 21:14:34] epoch 1 step 31450: train_loss=0.080145
[2026-02-20 21:14:46] epoch 1 step 31500: train_loss=0.071864
[2026-02-20 21:14:57] epoch 1 step 31550: train_loss=0.055424
[2026-02-20 21:15:09] epoch 1 step 31600: train_loss=0.083665
[2026-02-20 21:15:20] epoch 1 step 31650: train_loss=0.061555
[2026-02-20 21:15:32] epoch 1 step 31700: train_loss=0.099491
[2026-02-20 21:15:44] epoch 1 step 31750: train_loss=0.078445
[2026-02-20 21:15:55] epoch 1 step 31800: train_loss=0.076483
[2026-02-20 21:16:07] epoch 1 step 31850: train_loss=0.082598
[2026-02-20 21:16:18] epoch 1 step 31900: train_loss=0.090257
[2026-02-20 21:16:30] epoch 1 step 31950: train_loss=0.058210
[2026-02-20 21:16:41] epoch 1 step 32000: train_loss=0.107316
[2026-02-20 21:16:53] epoch 1 step 32050: train_loss=0.106575
[2026-02-20 21:17:04] epoch 1 step 32100: train_loss=0.095735
[2026-02-20 21:17:16] epoch 1 step 32150: train_loss=0.099083
[2026-02-20 21:17:28] epoch 1 step 32200: train_loss=0.070901
[2026-02-20 21:17:39] epoch 1 step 32250: train_loss=0.079132
[2026-02-20 21:17:51] epoch 1 step 32300: train_loss=0.106904
[2026-02-20 21:18:02] epoch 1 step 32350: train_loss=0.086339
[2026-02-20 21:18:14] epoch 1 step 32400: train_loss=0.085525
[2026-02-20 21:18:25] epoch 1 step 32450: train_loss=0.088412
[2026-02-20 21:18:37] epoch 1 step 32500: train_loss=0.080841
[2026-02-20 21:18:48] epoch 1 step 32550: train_loss=0.063138
[2026-02-20 21:19:00] epoch 1 step 32600: train_loss=0.066222
[2026-02-20 21:19:12] epoch 1 step 32650: train_loss=0.063611
[2026-02-20 21:19:23] epoch 1 step 32700: train_loss=0.086526
[2026-02-20 21:19:35] epoch 1 step 32750: train_loss=0.078980
[2026-02-20 21:19:46] epoch 1 step 32800: train_loss=0.066825
[2026-02-20 21:19:58] epoch 1 step 32850: train_loss=0.113515
[2026-02-20 21:20:09] epoch 1 step 32900: train_loss=0.092029
[2026-02-20 21:20:21] epoch 1 step 32950: train_loss=0.091318
[2026-02-20 21:20:32] epoch 1 step 33000: train_loss=0.098210
[2026-02-20 21:20:44] epoch 1 step 33050: train_loss=0.100215
[2026-02-20 21:20:56] epoch 1 step 33100: train_loss=0.112462
[2026-02-20 21:21:07] epoch 1 step 33150: train_loss=0.112131
[2026-02-20 21:21:19] epoch 1 step 33200: train_loss=0.090185
[2026-02-20 21:21:30] epoch 1 step 33250: train_loss=0.093517
[2026-02-20 21:21:42] epoch 1 step 33300: train_loss=0.056359
[2026-02-20 21:21:53] epoch 1 step 33350: train_loss=0.090178
[2026-02-20 21:22:05] epoch 1 step 33400: train_loss=0.079404
[2026-02-20 21:22:16] epoch 1 step 33450: train_loss=0.086881
[2026-02-20 21:22:28] epoch 1 step 33500: train_loss=0.100061
[2026-02-20 21:22:40] epoch 1 step 33550: train_loss=0.067950
[2026-02-20 21:22:51] epoch 1 step 33600: train_loss=0.087316
[2026-02-20 21:23:03] epoch 1 step 33650: train_loss=0.107783
[2026-02-20 21:23:14] epoch 1 step 33700: train_loss=0.081099
[2026-02-20 21:23:26] epoch 1 step 33750: train_loss=0.083706
[2026-02-20 21:23:37] epoch 1 step 33800: train_loss=0.116999
[2026-02-20 21:23:49] epoch 1 step 33850: train_loss=0.094176
[2026-02-20 21:24:00] epoch 1 step 33900: train_loss=0.072657
[2026-02-20 21:24:12] epoch 1 step 33950: train_loss=0.098314
[2026-02-20 21:24:24] epoch 1 step 34000: train_loss=0.070850
[2026-02-20 21:24:35] epoch 1 step 34050: train_loss=0.104549
[2026-02-20 21:24:47] epoch 1 step 34100: train_loss=0.079776
[2026-02-20 21:24:58] epoch 1 step 34150: train_loss=0.061533
[2026-02-20 21:25:10] epoch 1 step 34200: train_loss=0.097722
[2026-02-20 21:25:21] epoch 1 step 34250: train_loss=0.043125
[2026-02-20 21:25:33] epoch 1 step 34300: train_loss=0.061881
[2026-02-20 21:25:44] epoch 1 step 34350: train_loss=0.100676
[2026-02-20 21:25:56] epoch 1 step 34400: train_loss=0.072047
[2026-02-20 21:26:08] epoch 1 step 34450: train_loss=0.065936
[2026-02-20 21:26:19] epoch 1 step 34500: train_loss=0.098495
[2026-02-20 21:26:31] epoch 1 step 34550: train_loss=0.086354
[2026-02-20 21:26:42] epoch 1 step 34600: train_loss=0.096742
[2026-02-20 21:26:54] epoch 1 step 34650: train_loss=0.080627
[2026-02-20 21:27:05] epoch 1 step 34700: train_loss=0.078274
[2026-02-20 21:27:17] epoch 1 step 34750: train_loss=0.093528
[2026-02-20 21:27:28] epoch 1 step 34800: train_loss=0.077254
[2026-02-20 21:27:40] epoch 1 step 34850: train_loss=0.099199
[2026-02-20 21:27:52] epoch 1 step 34900: train_loss=0.096287
[2026-02-20 21:28:03] epoch 1 step 34950: train_loss=0.073603
[2026-02-20 21:28:15] epoch 1 step 35000: train_loss=0.089932
[2026-02-20 21:28:26] epoch 1 step 35050: train_loss=0.070409
[2026-02-20 21:28:38] epoch 1 step 35100: train_loss=0.075446
[2026-02-20 21:28:49] epoch 1 step 35150: train_loss=0.084794
[2026-02-20 21:29:01] epoch 1 step 35200: train_loss=0.076416
[2026-02-20 21:29:12] epoch 1 step 35250: train_loss=0.062306
[2026-02-20 21:29:24] epoch 1 step 35300: train_loss=0.060915
[2026-02-20 21:29:36] epoch 1 step 35350: train_loss=0.083642
[2026-02-20 21:29:47] epoch 1 step 35400: train_loss=0.081216
[2026-02-20 21:29:59] epoch 1 step 35450: train_loss=0.099808
[2026-02-20 21:30:10] epoch 1 step 35500: train_loss=0.112561
[2026-02-20 21:30:22] epoch 1 step 35550: train_loss=0.089705
[2026-02-20 21:30:33] epoch 1 step 35600: train_loss=0.085565
[2026-02-20 21:30:45] epoch 1 step 35650: train_loss=0.094329
[2026-02-20 21:30:56] epoch 1 step 35700: train_loss=0.089679
[2026-02-20 21:31:08] epoch 1 step 35750: train_loss=0.091868
[2026-02-20 21:31:19] epoch 1 step 35800: train_loss=0.066465
[2026-02-20 21:31:31] epoch 1 step 35850: train_loss=0.067026
[2026-02-20 21:31:43] epoch 1 step 35900: train_loss=0.105841
[2026-02-20 21:31:54] epoch 1 step 35950: train_loss=0.074660
[2026-02-20 21:32:06] epoch 1 step 36000: train_loss=0.081284
[2026-02-20 21:32:17] epoch 1 step 36050: train_loss=0.068291
[2026-02-20 21:32:29] epoch 1 step 36100: train_loss=0.073985
[2026-02-20 21:32:40] epoch 1 step 36150: train_loss=0.090794
[2026-02-20 21:32:52] epoch 1 step 36200: train_loss=0.093701
[2026-02-20 21:33:03] epoch 1 step 36250: train_loss=0.104326
[2026-02-20 21:33:15] epoch 1 step 36300: train_loss=0.085469
[2026-02-20 21:33:27] epoch 1 step 36350: train_loss=0.096321
[2026-02-20 21:33:38] epoch 1 step 36400: train_loss=0.095048
[2026-02-20 21:33:50] epoch 1 step 36450: train_loss=0.088064
[2026-02-20 21:34:01] epoch 1 step 36500: train_loss=0.120101
[2026-02-20 21:34:13] epoch 1 step 36550: train_loss=0.072924
[2026-02-20 21:34:24] epoch 1 step 36600: train_loss=0.082078
[2026-02-20 21:34:36] epoch 1 step 36650: train_loss=0.079174
[2026-02-20 21:34:47] epoch 1 step 36700: train_loss=0.069847
[2026-02-20 21:34:59] epoch 1 step 36750: train_loss=0.056420
[2026-02-20 21:35:11] epoch 1 step 36800: train_loss=0.070703
[2026-02-20 21:35:22] epoch 1 step 36850: train_loss=0.080097
[2026-02-20 21:35:34] epoch 1 step 36900: train_loss=0.080155
[2026-02-20 21:35:45] epoch 1 step 36950: train_loss=0.066209
[2026-02-20 21:35:57] epoch 1 step 37000: train_loss=0.070992
[2026-02-20 21:36:08] epoch 1 step 37050: train_loss=0.087855
[2026-02-20 21:36:20] epoch 1 step 37100: train_loss=0.088870
[2026-02-20 21:36:31] epoch 1 step 37150: train_loss=0.092597
[2026-02-20 21:36:43] epoch 1 step 37200: train_loss=0.067627
[2026-02-20 21:36:55] epoch 1 step 37250: train_loss=0.080919
[2026-02-20 21:37:06] epoch 1 step 37300: train_loss=0.084178
[2026-02-20 21:37:18] epoch 1 step 37350: train_loss=0.099505
[2026-02-20 21:37:29] epoch 1 step 37400: train_loss=0.085268
[2026-02-20 21:37:41] epoch 1 step 37450: train_loss=0.077715
[2026-02-20 21:37:52] epoch 1 step 37500: train_loss=0.091646
[2026-02-20 21:38:04] epoch 1 step 37550: train_loss=0.081826
[2026-02-20 21:38:15] epoch 1 step 37600: train_loss=0.096204
[2026-02-20 21:38:27] epoch 1 step 37650: train_loss=0.065612
[2026-02-20 21:38:39] epoch 1 step 37700: train_loss=0.086145
[2026-02-20 21:38:50] epoch 1 step 37750: train_loss=0.065299
[2026-02-20 21:39:02] epoch 1 step 37800: train_loss=0.071388
[2026-02-20 21:39:13] epoch 1 step 37850: train_loss=0.053908
[2026-02-20 21:39:25] epoch 1 step 37900: train_loss=0.074125
[2026-02-20 21:39:36] epoch 1 step 37950: train_loss=0.099489
[2026-02-20 21:39:48] epoch 1 step 38000: train_loss=0.091480
[2026-02-20 21:39:59] epoch 1 step 38050: train_loss=0.079551
[2026-02-20 21:40:11] epoch 1 step 38100: train_loss=0.087032
[2026-02-20 21:40:22] epoch 1 step 38150: train_loss=0.077711
[2026-02-20 21:40:34] epoch 1 step 38200: train_loss=0.086617
[2026-02-20 21:40:46] epoch 1 step 38250: train_loss=0.080980
[2026-02-20 21:40:57] epoch 1 step 38300: train_loss=0.070584
[2026-02-20 21:41:09] epoch 1 step 38350: train_loss=0.111722
[2026-02-20 21:41:20] epoch 1 step 38400: train_loss=0.104967
[2026-02-20 21:41:32] epoch 1 step 38450: train_loss=0.085294
[2026-02-20 21:41:43] epoch 1 step 38500: train_loss=0.066494
[2026-02-20 21:41:55] epoch 1 step 38550: train_loss=0.086497
[2026-02-20 21:42:06] epoch 1 step 38600: train_loss=0.075727
[2026-02-20 21:42:18] epoch 1 step 38650: train_loss=0.148981
[2026-02-20 21:42:30] epoch 1 step 38700: train_loss=0.092742
[2026-02-20 21:42:41] epoch 1 step 38750: train_loss=0.091986
[2026-02-20 21:42:53] epoch 1 step 38800: train_loss=0.071302
[2026-02-20 21:43:04] epoch 1 step 38850: train_loss=0.079280
[2026-02-20 21:43:16] epoch 1 step 38900: train_loss=0.074558
[2026-02-20 21:43:27] epoch 1 step 38950: train_loss=0.068704
[2026-02-20 21:43:39] epoch 1 step 39000: train_loss=0.065989
[2026-02-20 21:43:50] epoch 1 step 39050: train_loss=0.089205
[2026-02-20 21:44:02] epoch 1 step 39100: train_loss=0.085992
[2026-02-20 21:44:14] epoch 1 step 39150: train_loss=0.097896
[2026-02-20 21:44:25] epoch 1 step 39200: train_loss=0.063971
[2026-02-20 21:44:37] epoch 1 step 39250: train_loss=0.079738
[2026-02-20 21:44:48] epoch 1 step 39300: train_loss=0.072811
[2026-02-20 21:45:00] epoch 1 step 39350: train_loss=0.102715
[2026-02-20 21:45:11] epoch 1 step 39400: train_loss=0.068102
[2026-02-20 21:45:23] epoch 1 step 39450: train_loss=0.078071
[2026-02-20 21:45:34] epoch 1 step 39500: train_loss=0.069016
[2026-02-20 21:45:46] epoch 1 step 39550: train_loss=0.110118
[2026-02-20 21:45:58] epoch 1 step 39600: train_loss=0.066342
[2026-02-20 21:46:09] epoch 1 step 39650: train_loss=0.063813
[2026-02-20 21:46:21] epoch 1 step 39700: train_loss=0.108823
[2026-02-20 21:46:32] epoch 1 step 39750: train_loss=0.119269
[2026-02-20 21:46:44] epoch 1 step 39800: train_loss=0.103697
[2026-02-20 21:46:55] epoch 1 step 39850: train_loss=0.080258
[2026-02-20 21:47:07] epoch 1 step 39900: train_loss=0.127589
[2026-02-20 21:47:18] epoch 1 step 39950: train_loss=0.064813
[2026-02-20 21:47:30] epoch 1 step 40000: train_loss=0.076409
[2026-02-20 21:47:42] epoch 1 step 40050: train_loss=0.067615
[2026-02-20 21:47:53] epoch 1 step 40100: train_loss=0.073657
[2026-02-20 21:48:05] epoch 1 step 40150: train_loss=0.061352
[2026-02-20 21:48:16] epoch 1 step 40200: train_loss=0.055868
[2026-02-20 21:48:28] epoch 1 step 40250: train_loss=0.073186
[2026-02-20 21:48:39] epoch 1 step 40300: train_loss=0.079498
[2026-02-20 21:48:51] epoch 1 step 40350: train_loss=0.072037
[2026-02-20 21:49:02] epoch 1 step 40400: train_loss=0.098026
[2026-02-20 21:49:14] epoch 1 step 40450: train_loss=0.082846
[2026-02-20 21:49:25] epoch 1 step 40500: train_loss=0.089813
[2026-02-20 21:49:37] epoch 1 step 40550: train_loss=0.067371
[2026-02-20 21:49:49] epoch 1 step 40600: train_loss=0.080335
[2026-02-20 21:50:00] epoch 1 step 40650: train_loss=0.086222
[2026-02-20 21:50:12] epoch 1 step 40700: train_loss=0.086126
[2026-02-20 21:50:23] epoch 1 step 40750: train_loss=0.073884
[2026-02-20 21:50:35] epoch 1 step 40800: train_loss=0.100831
[2026-02-20 21:50:46] epoch 1 step 40850: train_loss=0.088849
[2026-02-20 21:50:58] epoch 1 step 40900: train_loss=0.071115
[2026-02-20 21:51:09] epoch 1 step 40950: train_loss=0.075303
[2026-02-20 21:51:21] epoch 1 step 41000: train_loss=0.070467
[2026-02-20 21:51:33] epoch 1 step 41050: train_loss=0.094357
[2026-02-20 21:51:44] epoch 1 step 41100: train_loss=0.061461
[2026-02-20 21:51:56] epoch 1 step 41150: train_loss=0.087683
[2026-02-20 21:52:07] epoch 1 step 41200: train_loss=0.074719
[2026-02-20 21:52:19] epoch 1 step 41250: train_loss=0.070143
[2026-02-20 21:52:30] epoch 1 step 41300: train_loss=0.078674
[2026-02-20 21:52:42] epoch 1 step 41350: train_loss=0.069443
[2026-02-20 21:52:53] epoch 1 step 41400: train_loss=0.058623
[2026-02-20 21:53:05] epoch 1 step 41450: train_loss=0.099016
[2026-02-20 21:53:17] epoch 1 step 41500: train_loss=0.081513
[2026-02-20 21:53:28] epoch 1 step 41550: train_loss=0.067203
[2026-02-20 21:53:40] epoch 1 step 41600: train_loss=0.112142
[2026-02-20 21:53:51] epoch 1 step 41650: train_loss=0.075862
[2026-02-20 21:54:03] epoch 1 step 41700: train_loss=0.077219
[2026-02-20 21:54:14] epoch 1 step 41750: train_loss=0.093936
[2026-02-20 21:54:26] epoch 1 step 41800: train_loss=0.100528
[2026-02-20 21:54:37] epoch 1 step 41850: train_loss=0.069527
[2026-02-20 21:54:49] epoch 1 step 41900: train_loss=0.107779
[2026-02-20 21:55:01] epoch 1 step 41950: train_loss=0.077677
[2026-02-20 21:55:12] epoch 1 step 42000: train_loss=0.068169
[2026-02-20 21:55:24] epoch 1 step 42050: train_loss=0.070810
[2026-02-20 21:55:35] epoch 1 step 42100: train_loss=0.081260
[2026-02-20 21:55:47] epoch 1 step 42150: train_loss=0.070525
[2026-02-20 21:55:58] epoch 1 step 42200: train_loss=0.071152
[2026-02-20 21:56:10] epoch 1 step 42250: train_loss=0.083728
[2026-02-20 21:56:21] epoch 1 step 42300: train_loss=0.070576
[2026-02-20 21:56:33] epoch 1 step 42350: train_loss=0.069890
[2026-02-20 21:56:44] epoch 1 step 42400: train_loss=0.078029
[2026-02-20 21:56:56] epoch 1 step 42450: train_loss=0.087454
[2026-02-20 21:57:08] epoch 1 step 42500: train_loss=0.085354
[2026-02-20 21:57:19] epoch 1 step 42550: train_loss=0.095116
[2026-02-20 21:57:31] epoch 1 step 42600: train_loss=0.078298
[2026-02-20 21:57:42] epoch 1 step 42650: train_loss=0.060307
[2026-02-20 21:57:54] epoch 1 step 42700: train_loss=0.087940
[2026-02-20 21:58:05] epoch 1 step 42750: train_loss=0.115630
[2026-02-20 21:58:17] epoch 1 step 42800: train_loss=0.061084
[2026-02-20 21:58:28] epoch 1 step 42850: train_loss=0.064256
[2026-02-20 21:58:40] epoch 1 step 42900: train_loss=0.104473
[2026-02-20 21:58:52] epoch 1 step 42950: train_loss=0.087779
[2026-02-20 21:59:03] epoch 1 step 43000: train_loss=0.092203
[2026-02-20 21:59:15] epoch 1 step 43050: train_loss=0.108540
[2026-02-20 21:59:26] epoch 1 step 43100: train_loss=0.076399
[2026-02-20 21:59:38] epoch 1 step 43150: train_loss=0.088324
[2026-02-20 21:59:49] epoch 1 step 43200: train_loss=0.059349
[2026-02-20 22:00:01] epoch 1 step 43250: train_loss=0.098559
[2026-02-20 22:00:12] epoch 1 step 43300: train_loss=0.084821
[2026-02-20 22:00:24] epoch 1 step 43350: train_loss=0.072993
[2026-02-20 22:00:36] epoch 1 step 43400: train_loss=0.101009
[2026-02-20 22:00:47] epoch 1 step 43450: train_loss=0.075113
[2026-02-20 22:00:59] epoch 1 step 43500: train_loss=0.095492
[2026-02-20 22:01:10] epoch 1 step 43550: train_loss=0.083162
[2026-02-20 22:01:22] epoch 1 step 43600: train_loss=0.067808
[2026-02-20 22:01:33] epoch 1 step 43650: train_loss=0.063432
[2026-02-20 22:01:45] epoch 1 step 43700: train_loss=0.085405
[2026-02-20 22:01:56] epoch 1 step 43750: train_loss=0.083046
[2026-02-20 22:02:08] epoch 1 step 43800: train_loss=0.070409
[2026-02-20 22:02:20] epoch 1 step 43850: train_loss=0.090608
[2026-02-20 22:02:31] epoch 1 step 43900: train_loss=0.086173
[2026-02-20 22:02:43] epoch 1 step 43950: train_loss=0.140292
[2026-02-20 22:02:54] epoch 1 step 44000: train_loss=0.114697
[2026-02-20 22:03:06] epoch 1 step 44050: train_loss=0.101268
[2026-02-20 22:03:17] epoch 1 step 44100: train_loss=0.064198
[2026-02-20 22:03:29] epoch 1 step 44150: train_loss=0.076116
[2026-02-20 22:03:40] epoch 1 step 44200: train_loss=0.072216
[2026-02-20 22:03:52] epoch 1 step 44250: train_loss=0.063889
[2026-02-20 22:04:04] epoch 1 step 44300: train_loss=0.078243
[2026-02-20 22:04:15] epoch 1 step 44350: train_loss=0.071978
[2026-02-20 22:04:27] epoch 1 step 44400: train_loss=0.070778
[2026-02-20 22:04:38] epoch 1 step 44450: train_loss=0.096053
[2026-02-20 22:04:50] epoch 1 step 44500: train_loss=0.101117
[2026-02-20 22:05:01] epoch 1 step 44550: train_loss=0.135459
[2026-02-20 22:05:13] epoch 1 step 44600: train_loss=0.082526
[2026-02-20 22:05:24] epoch 1 step 44650: train_loss=0.094330
[2026-02-20 22:05:36] epoch 1 step 44700: train_loss=0.072286
[2026-02-20 22:05:48] epoch 1 step 44750: train_loss=0.084155
[2026-02-20 22:05:59] epoch 1 step 44800: train_loss=0.081983
[2026-02-20 22:06:11] epoch 1 step 44850: train_loss=0.077483
[2026-02-20 22:06:22] epoch 1 step 44900: train_loss=0.077299
[2026-02-20 22:06:34] epoch 1 step 44950: train_loss=0.072771
[2026-02-20 22:06:45] epoch 1 step 45000: train_loss=0.106416
[2026-02-20 22:06:57] epoch 1 step 45050: train_loss=0.071983
[2026-02-20 22:07:08] epoch 1 step 45100: train_loss=0.074393
[2026-02-20 22:07:20] epoch 1 step 45150: train_loss=0.097572
[2026-02-20 22:07:32] epoch 1 step 45200: train_loss=0.090359
[2026-02-20 22:07:43] epoch 1 step 45250: train_loss=0.091893
[2026-02-20 22:07:55] epoch 1 step 45300: train_loss=0.061751
[2026-02-20 22:08:06] epoch 1 step 45350: train_loss=0.075427
[2026-02-20 22:08:18] epoch 1 step 45400: train_loss=0.087513
[2026-02-20 22:08:29] epoch 1 step 45450: train_loss=0.072351
[2026-02-20 22:08:41] epoch 1 step 45500: train_loss=0.103785
[2026-02-20 22:08:52] epoch 1 step 45550: train_loss=0.074897
[2026-02-20 22:09:04] epoch 1 step 45600: train_loss=0.074287
[2026-02-20 22:09:16] epoch 1 step 45650: train_loss=0.085765
[2026-02-20 22:09:27] epoch 1 step 45700: train_loss=0.088860
[2026-02-20 22:09:39] epoch 1 step 45750: train_loss=0.098303
[2026-02-20 22:09:50] epoch 1 step 45800: train_loss=0.109965
[2026-02-20 22:10:02] epoch 1 step 45850: train_loss=0.088531
[2026-02-20 22:10:13] epoch 1 step 45900: train_loss=0.057036
[2026-02-20 22:10:25] epoch 1 step 45950: train_loss=0.072299
[2026-02-20 22:10:36] epoch 1 step 46000: train_loss=0.070078
[2026-02-20 22:10:48] epoch 1 step 46050: train_loss=0.094522
[2026-02-20 22:11:00] epoch 1 step 46100: train_loss=0.073459
[2026-02-20 22:11:11] epoch 1 step 46150: train_loss=0.094574
[2026-02-20 22:11:23] epoch 1 step 46200: train_loss=0.086063
[2026-02-20 22:11:34] epoch 1 step 46250: train_loss=0.113948
[2026-02-20 22:11:46] epoch 1 step 46300: train_loss=0.066410
[2026-02-20 22:11:57] epoch 1 step 46350: train_loss=0.110779
[2026-02-20 22:12:09] epoch 1 step 46400: train_loss=0.084018
[2026-02-20 22:12:20] epoch 1 step 46450: train_loss=0.075814
[2026-02-20 22:12:32] epoch 1 step 46500: train_loss=0.107297
[2026-02-20 22:12:44] epoch 1 step 46550: train_loss=0.089069
[2026-02-20 22:12:55] epoch 1 step 46600: train_loss=0.084261
[2026-02-20 22:13:07] epoch 1 step 46650: train_loss=0.061713
[2026-02-20 22:13:18] epoch 1 step 46700: train_loss=0.065133
[2026-02-20 22:13:30] epoch 1 step 46750: train_loss=0.096560
[2026-02-20 22:13:41] epoch 1 step 46800: train_loss=0.059510
[2026-02-20 22:13:53] epoch 1 step 46850: train_loss=0.099569
[2026-02-20 22:14:04] epoch 1 step 46900: train_loss=0.078962
[2026-02-20 22:14:16] epoch 1 step 46950: train_loss=0.084244
[2026-02-20 22:14:28] epoch 1 step 47000: train_loss=0.087388
[2026-02-20 22:14:39] epoch 1 step 47050: train_loss=0.093262
[2026-02-20 22:14:51] epoch 1 step 47100: train_loss=0.092301
[2026-02-20 22:15:02] epoch 1 step 47150: train_loss=0.071213
[2026-02-20 22:15:14] epoch 1 step 47200: train_loss=0.086321
[2026-02-20 22:15:25] epoch 1 step 47250: train_loss=0.104172
[2026-02-20 22:15:37] epoch 1 step 47300: train_loss=0.063661
[2026-02-20 22:15:48] epoch 1 step 47350: train_loss=0.088444
[2026-02-20 22:16:00] epoch 1 step 47400: train_loss=0.060959
[2026-02-20 22:16:12] epoch 1 step 47450: train_loss=0.085895
[2026-02-20 22:16:23] epoch 1 step 47500: train_loss=0.073508
[2026-02-20 22:16:35] epoch 1 step 47550: train_loss=0.077099
[2026-02-20 22:16:46] epoch 1 step 47600: train_loss=0.088644
[2026-02-20 22:16:58] epoch 1 step 47650: train_loss=0.076121
[2026-02-20 22:17:09] epoch 1 step 47700: train_loss=0.059996
[2026-02-20 22:17:21] epoch 1 step 47750: train_loss=0.074675
[2026-02-20 22:17:32] epoch 1 step 47800: train_loss=0.050623
[2026-02-20 22:17:44] epoch 1 step 47850: train_loss=0.078459
[2026-02-20 22:17:55] epoch 1 step 47900: train_loss=0.083516
[2026-02-20 22:18:07] epoch 1 step 47950: train_loss=0.084437
[2026-02-20 22:18:19] epoch 1 step 48000: train_loss=0.089854
[2026-02-20 22:18:30] epoch 1 step 48050: train_loss=0.113718
[2026-02-20 22:18:42] epoch 1 step 48100: train_loss=0.101019
[2026-02-20 22:18:53] epoch 1 step 48150: train_loss=0.100137
[2026-02-20 22:19:05] epoch 1 step 48200: train_loss=0.056236
[2026-02-20 22:19:16] epoch 1 step 48250: train_loss=0.059940
[2026-02-20 22:19:28] epoch 1 step 48300: train_loss=0.108909
[2026-02-20 22:19:39] epoch 1 step 48350: train_loss=0.096227
[2026-02-20 22:19:51] epoch 1 step 48400: train_loss=0.112270
[2026-02-20 22:20:03] epoch 1 step 48450: train_loss=0.081175
[2026-02-20 22:20:14] epoch 1 step 48500: train_loss=0.094868
[2026-02-20 22:20:26] epoch 1 step 48550: train_loss=0.073614
[2026-02-20 22:20:37] epoch 1 step 48600: train_loss=0.063886
[2026-02-20 22:20:49] epoch 1 step 48650: train_loss=0.101512
[2026-02-20 22:21:00] epoch 1 step 48700: train_loss=0.090181
[2026-02-20 22:21:12] epoch 1 step 48750: train_loss=0.067214
[2026-02-20 22:21:23] epoch 1 step 48800: train_loss=0.078287
[2026-02-20 22:21:35] epoch 1 step 48850: train_loss=0.064897
[2026-02-20 22:21:47] epoch 1 step 48900: train_loss=0.058776
[2026-02-20 22:21:58] epoch 1 step 48950: train_loss=0.062447
[2026-02-20 22:22:10] epoch 1 step 49000: train_loss=0.118855
[2026-02-20 22:22:21] epoch 1 step 49050: train_loss=0.084062
[2026-02-20 22:22:33] epoch 1 step 49100: train_loss=0.083379
[2026-02-20 22:22:44] epoch 1 step 49150: train_loss=0.077782
[2026-02-20 22:22:56] epoch 1 step 49200: train_loss=0.078141
[2026-02-20 22:23:07] epoch 1 step 49250: train_loss=0.055291
[2026-02-20 22:23:19] epoch 1 step 49300: train_loss=0.077025
[2026-02-20 22:23:31] epoch 1 step 49350: train_loss=0.110596
[2026-02-20 22:23:42] epoch 1 step 49400: train_loss=0.110179
[2026-02-20 22:23:54] epoch 1 step 49450: train_loss=0.067514
[2026-02-20 22:24:05] epoch 1 step 49500: train_loss=0.099173
[2026-02-20 22:24:17] epoch 1 step 49550: train_loss=0.082046
[2026-02-20 22:24:28] epoch 1 step 49600: train_loss=0.104522
[2026-02-20 22:24:40] epoch 1 step 49650: train_loss=0.098505
[2026-02-20 22:24:51] epoch 1 step 49700: train_loss=0.100553
[2026-02-20 22:25:03] epoch 1 step 49750: train_loss=0.074222
[2026-02-20 22:25:14] epoch 1 step 49800: train_loss=0.095193
[2026-02-20 22:25:26] epoch 1 step 49850: train_loss=0.114545
[2026-02-20 22:25:38] epoch 1 step 49900: train_loss=0.099857
[2026-02-20 22:25:49] epoch 1 step 49950: train_loss=0.081965
[2026-02-20 22:26:01] epoch 1 step 50000: train_loss=0.089620
[2026-02-20 22:26:12] epoch 1 step 50050: train_loss=0.095174
[2026-02-20 22:26:24] epoch 1 step 50100: train_loss=0.080838
[2026-02-20 22:26:35] epoch 1 step 50150: train_loss=0.070303
[2026-02-20 22:26:47] epoch 1 step 50200: train_loss=0.083608
[2026-02-20 22:26:58] epoch 1 step 50250: train_loss=0.094841
[2026-02-20 22:27:10] epoch 1 step 50300: train_loss=0.069584
[2026-02-20 22:27:22] epoch 1 step 50350: train_loss=0.081318
[2026-02-20 22:27:33] epoch 1 step 50400: train_loss=0.101402
[2026-02-20 22:27:45] epoch 1 step 50450: train_loss=0.070737
[2026-02-20 22:27:56] epoch 1 step 50500: train_loss=0.082189
[2026-02-20 22:28:08] epoch 1 step 50550: train_loss=0.083344
[2026-02-20 22:28:19] epoch 1 step 50600: train_loss=0.088429
[2026-02-20 22:28:31] epoch 1 step 50650: train_loss=0.084033
[2026-02-20 22:28:42] epoch 1 step 50700: train_loss=0.093876
[2026-02-20 22:28:54] epoch 1 step 50750: train_loss=0.116238
[2026-02-20 22:29:06] epoch 1 step 50800: train_loss=0.086107
[2026-02-20 22:29:17] epoch 1 step 50850: train_loss=0.107639
[2026-02-20 22:29:29] epoch 1 step 50900: train_loss=0.113318
[2026-02-20 22:29:40] epoch 1 step 50950: train_loss=0.082057
[2026-02-20 22:29:52] epoch 1 step 51000: train_loss=0.094379
[2026-02-20 22:30:03] epoch 1 step 51050: train_loss=0.069193
[2026-02-20 22:30:15] epoch 1 step 51100: train_loss=0.060193
[2026-02-20 22:30:26] epoch 1 step 51150: train_loss=0.086518
[2026-02-20 22:30:38] epoch 1 step 51200: train_loss=0.071042
[2026-02-20 22:30:49] epoch 1 step 51250: train_loss=0.089278
[2026-02-20 22:31:01] epoch 1 step 51300: train_loss=0.091820
[2026-02-20 22:31:13] epoch 1 step 51350: train_loss=0.103913
[2026-02-20 22:31:24] epoch 1 step 51400: train_loss=0.070475
[2026-02-20 22:31:36] epoch 1 step 51450: train_loss=0.075788
[2026-02-20 22:31:47] epoch 1 step 51500: train_loss=0.088286
[2026-02-20 22:31:59] epoch 1 step 51550: train_loss=0.086044
[2026-02-20 22:32:10] epoch 1 step 51600: train_loss=0.074408
[2026-02-20 22:32:22] epoch 1 step 51650: train_loss=0.083818
[2026-02-20 22:32:33] epoch 1 step 51700: train_loss=0.081264
[2026-02-20 22:32:45] epoch 1 step 51750: train_loss=0.064532
[2026-02-20 22:32:57] epoch 1 step 51800: train_loss=0.112042
[2026-02-20 22:33:08] epoch 1 step 51850: train_loss=0.084087
[2026-02-20 22:33:20] epoch 1 step 51900: train_loss=0.076666
[2026-02-20 22:33:31] epoch 1 step 51950: train_loss=0.085051
[2026-02-20 22:33:43] epoch 1 step 52000: train_loss=0.100728
[2026-02-20 22:33:54] epoch 1 step 52050: train_loss=0.080895
[2026-02-20 22:34:06] epoch 1 step 52100: train_loss=0.101358
[2026-02-20 22:34:17] epoch 1 step 52150: train_loss=0.085013
[2026-02-20 22:34:29] epoch 1 step 52200: train_loss=0.091590
[2026-02-20 22:34:41] epoch 1 step 52250: train_loss=0.056616
[2026-02-20 22:34:52] epoch 1 step 52300: train_loss=0.061079
[2026-02-20 22:35:04] epoch 1 step 52350: train_loss=0.085722
[2026-02-20 22:35:15] epoch 1 step 52400: train_loss=0.092216
[2026-02-20 22:35:27] epoch 1 step 52450: train_loss=0.073331
[2026-02-20 22:35:38] epoch 1 step 52500: train_loss=0.096200
[2026-02-20 22:35:50] epoch 1 step 52550: train_loss=0.081321
[2026-02-20 22:36:01] epoch 1 step 52600: train_loss=0.076522
[2026-02-20 22:36:13] epoch 1 step 52650: train_loss=0.061649
[2026-02-20 22:36:25] epoch 1 step 52700: train_loss=0.079706
[2026-02-20 22:36:36] epoch 1 step 52750: train_loss=0.069105
[2026-02-20 22:36:48] epoch 1 step 52800: train_loss=0.073549
[2026-02-20 22:36:59] epoch 1 step 52850: train_loss=0.074098
[2026-02-20 22:37:11] epoch 1 step 52900: train_loss=0.084871
[2026-02-20 22:37:22] epoch 1 step 52950: train_loss=0.073873
[2026-02-20 22:37:34] epoch 1 step 53000: train_loss=0.073132
[2026-02-20 22:37:45] epoch 1 step 53050: train_loss=0.076270
[2026-02-20 22:37:57] epoch 1 step 53100: train_loss=0.085934
[2026-02-20 22:38:08] epoch 1 step 53150: train_loss=0.080595
[2026-02-20 22:38:20] epoch 1 step 53200: train_loss=0.072696
[2026-02-20 22:38:32] epoch 1 step 53250: train_loss=0.075401
[2026-02-20 22:38:43] epoch 1 step 53300: train_loss=0.062519
[2026-02-20 22:38:55] epoch 1 step 53350: train_loss=0.067962
[2026-02-20 22:39:06] epoch 1 step 53400: train_loss=0.073219
[2026-02-20 22:39:18] epoch 1 step 53450: train_loss=0.090281
[2026-02-20 22:39:29] epoch 1 step 53500: train_loss=0.075239
[2026-02-20 22:39:41] epoch 1 step 53550: train_loss=0.093823
[2026-02-20 22:39:52] epoch 1 step 53600: train_loss=0.081304
[2026-02-20 22:40:04] epoch 1 step 53650: train_loss=0.094079
[2026-02-20 22:40:16] epoch 1 step 53700: train_loss=0.083870
[2026-02-20 22:40:27] epoch 1 step 53750: train_loss=0.102342
[2026-02-20 22:40:39] epoch 1 step 53800: train_loss=0.086051
[2026-02-20 22:40:50] epoch 1 step 53850: train_loss=0.076976
[2026-02-20 22:41:02] epoch 1 step 53900: train_loss=0.070045
[2026-02-20 22:41:13] epoch 1 step 53950: train_loss=0.106963
[2026-02-20 22:41:25] epoch 1 step 54000: train_loss=0.080311
[2026-02-20 22:41:36] epoch 1 step 54050: train_loss=0.076361
[2026-02-20 22:41:48] epoch 1 step 54100: train_loss=0.076231
[2026-02-20 22:42:00] epoch 1 step 54150: train_loss=0.102365
[2026-02-20 22:42:11] epoch 1 step 54200: train_loss=0.080909
[2026-02-20 22:42:23] epoch 1 step 54250: train_loss=0.101994
[2026-02-20 22:42:34] epoch 1 step 54300: train_loss=0.087257
[2026-02-20 22:42:46] epoch 1 step 54350: train_loss=0.073052
[2026-02-20 22:42:57] epoch 1 step 54400: train_loss=0.086510
[2026-02-20 22:43:09] epoch 1 step 54450: train_loss=0.092102
[2026-02-20 22:43:20] epoch 1 step 54500: train_loss=0.082392
[2026-02-20 22:43:32] epoch 1 step 54550: train_loss=0.081755
[2026-02-20 22:43:44] epoch 1 step 54600: train_loss=0.073892
[2026-02-20 22:43:55] epoch 1 step 54650: train_loss=0.076697
[2026-02-20 22:44:07] epoch 1 step 54700: train_loss=0.109288
[2026-02-20 22:44:18] epoch 1 step 54750: train_loss=0.057616
[2026-02-20 22:44:30] epoch 1 step 54800: train_loss=0.062946
[2026-02-20 22:44:41] epoch 1 step 54850: train_loss=0.076389
[2026-02-20 22:44:53] epoch 1 step 54900: train_loss=0.124343
[2026-02-20 22:45:04] epoch 1 step 54950: train_loss=0.069870
[2026-02-20 22:45:16] epoch 1 step 55000: train_loss=0.062450
[2026-02-20 22:45:28] epoch 1 step 55050: train_loss=0.131410
[2026-02-20 22:45:39] epoch 1 step 55100: train_loss=0.100181
[2026-02-20 22:45:51] epoch 1 step 55150: train_loss=0.063192
[2026-02-20 22:46:02] epoch 1 step 55200: train_loss=0.081971
[2026-02-20 22:46:14] epoch 1 step 55250: train_loss=0.113183
[2026-02-20 22:46:25] epoch 1 step 55300: train_loss=0.075604
[2026-02-20 22:46:37] epoch 1 step 55350: train_loss=0.107286
[2026-02-20 22:46:48] epoch 1 step 55400: train_loss=0.076260
[2026-02-20 22:47:00] epoch 1 step 55450: train_loss=0.060648
[2026-02-20 22:47:12] epoch 1 step 55500: train_loss=0.093362
[2026-02-20 22:47:23] epoch 1 step 55550: train_loss=0.084604
[2026-02-20 22:47:35] epoch 1 step 55600: train_loss=0.104218
[2026-02-20 22:47:46] epoch 1 step 55650: train_loss=0.094848
[2026-02-20 22:47:58] epoch 1 step 55700: train_loss=0.075252
[2026-02-20 22:48:09] epoch 1 step 55750: train_loss=0.058680
[2026-02-20 22:48:21] epoch 1 step 55800: train_loss=0.093996
[2026-02-20 22:48:32] epoch 1 step 55850: train_loss=0.085933
[2026-02-20 22:48:44] epoch 1 step 55900: train_loss=0.065259
[2026-02-20 22:48:56] epoch 1 step 55950: train_loss=0.094190
[2026-02-20 22:49:07] epoch 1 step 56000: train_loss=0.079642
[2026-02-20 22:49:19] epoch 1 step 56050: train_loss=0.064052
[2026-02-20 22:49:30] epoch 1 step 56100: train_loss=0.074323
[2026-02-20 22:49:42] epoch 1 step 56150: train_loss=0.114565
[2026-02-20 22:49:53] epoch 1 step 56200: train_loss=0.139913
[2026-02-20 22:50:05] epoch 1 step 56250: train_loss=0.069597
[2026-02-20 22:50:16] epoch 1 step 56300: train_loss=0.079142
[2026-02-20 22:50:28] epoch 1 step 56350: train_loss=0.079622
[2026-02-20 22:50:40] epoch 1 step 56400: train_loss=0.103117
[2026-02-20 22:50:51] epoch 1 step 56450: train_loss=0.079968
[2026-02-20 22:51:03] epoch 1 step 56500: train_loss=0.078638
[2026-02-20 22:51:14] epoch 1 step 56550: train_loss=0.086951
[2026-02-20 22:51:26] epoch 1 step 56600: train_loss=0.076309
[2026-02-20 22:51:37] epoch 1 step 56650: train_loss=0.086202
[2026-02-20 22:51:49] epoch 1 step 56700: train_loss=0.084473
[2026-02-20 22:52:00] epoch 1 step 56750: train_loss=0.084677
[2026-02-20 22:52:12] epoch 1 step 56800: train_loss=0.068427
[2026-02-20 22:52:24] epoch 1 step 56850: train_loss=0.098822
[2026-02-20 22:52:35] epoch 1 step 56900: train_loss=0.084297
[2026-02-20 22:52:47] epoch 1 step 56950: train_loss=0.084389
[2026-02-20 22:52:58] epoch 1 step 57000: train_loss=0.076178
[2026-02-20 22:53:10] epoch 1 step 57050: train_loss=0.078589
[2026-02-20 22:53:21] epoch 1 step 57100: train_loss=0.054557
[2026-02-20 22:53:33] epoch 1 step 57150: train_loss=0.082263
[2026-02-20 22:53:44] epoch 1 step 57200: train_loss=0.056637
[2026-02-20 22:53:56] epoch 1 step 57250: train_loss=0.056188
[2026-02-20 22:54:08] epoch 1 step 57300: train_loss=0.078672
[2026-02-20 22:54:19] epoch 1 step 57350: train_loss=0.132397
[2026-02-20 22:54:31] epoch 1 step 57400: train_loss=0.099378
[2026-02-20 22:54:42] epoch 1 step 57450: train_loss=0.079558
[2026-02-20 22:54:54] epoch 1 step 57500: train_loss=0.084734
[2026-02-20 22:55:05] epoch 1 step 57550: train_loss=0.083522
[2026-02-20 22:55:17] epoch 1 step 57600: train_loss=0.080369
[2026-02-20 22:55:28] epoch 1 step 57650: train_loss=0.055307
[2026-02-20 22:55:40] epoch 1 step 57700: train_loss=0.076539
[2026-02-20 22:55:51] epoch 1 step 57750: train_loss=0.092254
[2026-02-20 22:56:03] epoch 1 step 57800: train_loss=0.105338
[2026-02-20 22:56:15] epoch 1 step 57850: train_loss=0.075871
[2026-02-20 22:56:26] epoch 1 step 57900: train_loss=0.076877
[2026-02-20 22:56:38] epoch 1 step 57950: train_loss=0.083822
[2026-02-20 22:56:49] epoch 1 step 58000: train_loss=0.066177
[2026-02-20 22:57:01] epoch 1 step 58050: train_loss=0.082522
[2026-02-20 22:57:12] epoch 1 step 58100: train_loss=0.074007
[2026-02-20 22:57:24] epoch 1 step 58150: train_loss=0.104535
[2026-02-20 22:57:35] epoch 1 step 58200: train_loss=0.060721
[2026-02-20 22:57:47] epoch 1 step 58250: train_loss=0.075306
[2026-02-20 22:57:58] epoch 1 step 58300: train_loss=0.093098
[2026-02-20 22:58:10] epoch 1 step 58350: train_loss=0.096472
[2026-02-20 22:58:22] epoch 1 step 58400: train_loss=0.097161
[2026-02-20 22:58:33] epoch 1 step 58450: train_loss=0.085790
[2026-02-20 22:58:45] epoch 1 step 58500: train_loss=0.091909
[2026-02-20 22:58:56] epoch 1 step 58550: train_loss=0.079432
[2026-02-20 22:59:08] epoch 1 step 58600: train_loss=0.076933
[2026-02-20 22:59:19] epoch 1 step 58650: train_loss=0.094747
[2026-02-20 22:59:31] epoch 1 step 58700: train_loss=0.061848
[2026-02-20 22:59:42] epoch 1 step 58750: train_loss=0.086591
[2026-02-20 22:59:54] epoch 1 step 58800: train_loss=0.084258
[2026-02-20 23:00:05] epoch 1 step 58850: train_loss=0.099608
[2026-02-20 23:00:17] epoch 1 step 58900: train_loss=0.076134
[2026-02-20 23:00:29] epoch 1 step 58950: train_loss=0.084838
[2026-02-20 23:00:40] epoch 1 step 59000: train_loss=0.068468
[2026-02-20 23:00:52] epoch 1 step 59050: train_loss=0.072154
[2026-02-20 23:01:03] epoch 1 step 59100: train_loss=0.111843
[2026-02-20 23:01:15] epoch 1 step 59150: train_loss=0.069561
[2026-02-20 23:01:26] epoch 1 step 59200: train_loss=0.102433
[2026-02-20 23:01:38] epoch 1 step 59250: train_loss=0.083602
[2026-02-20 23:01:49] epoch 1 step 59300: train_loss=0.099484
[2026-02-20 23:02:01] epoch 1 step 59350: train_loss=0.063450
[2026-02-20 23:02:12] epoch 1 step 59400: train_loss=0.084673
[2026-02-20 23:02:24] epoch 1 step 59450: train_loss=0.077028
[2026-02-20 23:02:36] epoch 1 step 59500: train_loss=0.104401
[2026-02-20 23:02:47] epoch 1 step 59550: train_loss=0.060149
[2026-02-20 23:02:59] epoch 1 step 59600: train_loss=0.073179
[2026-02-20 23:03:10] epoch 1 step 59650: train_loss=0.117347
[2026-02-20 23:03:22] epoch 1 step 59700: train_loss=0.062943
[2026-02-20 23:03:33] epoch 1 step 59750: train_loss=0.055688
[2026-02-20 23:03:45] epoch 1 step 59800: train_loss=0.068558
[2026-02-20 23:03:56] epoch 1 step 59850: train_loss=0.078332
[2026-02-20 23:04:08] epoch 1 step 59900: train_loss=0.099985
[2026-02-20 23:04:19] epoch 1 step 59950: train_loss=0.091328
[2026-02-20 23:04:31] epoch 1 step 60000: train_loss=0.073461
[2026-02-20 23:04:43] epoch 1 step 60050: train_loss=0.093733
[2026-02-20 23:04:54] epoch 1 step 60100: train_loss=0.072491
[2026-02-20 23:05:06] epoch 1 step 60150: train_loss=0.068421
[2026-02-20 23:05:17] epoch 1 step 60200: train_loss=0.078323
[2026-02-20 23:05:29] epoch 1 step 60250: train_loss=0.086669
[2026-02-20 23:05:40] epoch 1 step 60300: train_loss=0.129169
[2026-02-20 23:05:52] epoch 1 step 60350: train_loss=0.083330
[2026-02-20 23:06:03] epoch 1 step 60400: train_loss=0.091092
[2026-02-20 23:06:15] epoch 1 step 60450: train_loss=0.082376
[2026-02-20 23:06:26] epoch 1 step 60500: train_loss=0.061512
[2026-02-20 23:06:38] epoch 1 step 60550: train_loss=0.072596
[2026-02-20 23:06:50] epoch 1 step 60600: train_loss=0.080976
[2026-02-20 23:07:01] epoch 1 step 60650: train_loss=0.078428
[2026-02-20 23:07:13] epoch 1 step 60700: train_loss=0.068503
[2026-02-20 23:07:24] epoch 1 step 60750: train_loss=0.068016
[2026-02-20 23:07:36] epoch 1 step 60800: train_loss=0.092594
[2026-02-20 23:07:47] epoch 1 step 60850: train_loss=0.070473
[2026-02-20 23:07:59] epoch 1 step 60900: train_loss=0.066212
[2026-02-20 23:08:10] epoch 1 step 60950: train_loss=0.069747
[2026-02-20 23:08:22] epoch 1 step 61000: train_loss=0.097247
[2026-02-20 23:08:33] epoch 1 step 61050: train_loss=0.087701
[2026-02-20 23:08:45] epoch 1 step 61100: train_loss=0.053043
[2026-02-20 23:08:57] epoch 1 step 61150: train_loss=0.075335
[2026-02-20 23:09:08] epoch 1 step 61200: train_loss=0.079055
[2026-02-20 23:09:20] epoch 1 step 61250: train_loss=0.085550
[2026-02-20 23:09:31] epoch 1 step 61300: train_loss=0.072190
[2026-02-20 23:09:43] epoch 1 step 61350: train_loss=0.093162
[2026-02-20 23:09:54] epoch 1 step 61400: train_loss=0.069270
[2026-02-20 23:10:06] epoch 1 step 61450: train_loss=0.078815
[2026-02-20 23:10:17] epoch 1 step 61500: train_loss=0.083099
[2026-02-20 23:10:29] epoch 1 step 61550: train_loss=0.110922
[2026-02-20 23:10:40] epoch 1 step 61600: train_loss=0.066729
[2026-02-20 23:10:52] epoch 1 step 61650: train_loss=0.077126
[2026-02-20 23:11:04] epoch 1 step 61700: train_loss=0.082011
[2026-02-20 23:11:15] epoch 1 step 61750: train_loss=0.072726
[2026-02-20 23:11:27] epoch 1 step 61800: train_loss=0.067758
[2026-02-20 23:11:38] epoch 1 step 61850: train_loss=0.072858
[2026-02-20 23:11:50] epoch 1 step 61900: train_loss=0.088123
[2026-02-20 23:12:01] epoch 1 step 61950: train_loss=0.068249
[2026-02-20 23:12:13] epoch 1 step 62000: train_loss=0.097473
[2026-02-20 23:12:24] epoch 1 step 62050: train_loss=0.079823
[2026-02-20 23:12:36] epoch 1 step 62100: train_loss=0.072533
[2026-02-20 23:12:47] epoch 1 step 62150: train_loss=0.081661
[2026-02-20 23:12:59] epoch 1 step 62200: train_loss=0.082426
[2026-02-20 23:13:11] epoch 1 step 62250: train_loss=0.097361
[2026-02-20 23:13:22] epoch 1 step 62300: train_loss=0.087248
[2026-02-20 23:13:34] epoch 1 step 62350: train_loss=0.095465
[2026-02-20 23:13:45] epoch 1 step 62400: train_loss=0.085829
[2026-02-20 23:13:57] epoch 1 step 62450: train_loss=0.081557
[2026-02-20 23:14:08] epoch 1 step 62500: train_loss=0.085526
[2026-02-20 23:14:20] epoch 1 step 62550: train_loss=0.092837
[2026-02-20 23:14:31] epoch 1 step 62600: train_loss=0.071079
[2026-02-20 23:14:43] epoch 1 step 62650: train_loss=0.073316
[2026-02-20 23:14:55] epoch 1 step 62700: train_loss=0.085021
[2026-02-20 23:15:06] epoch 1 step 62750: train_loss=0.085228
[2026-02-20 23:15:18] epoch 1 step 62800: train_loss=0.078419
[2026-02-20 23:15:29] epoch 1 step 62850: train_loss=0.091697
[2026-02-20 23:15:41] epoch 1 step 62900: train_loss=0.068183
[2026-02-20 23:15:52] epoch 1 step 62950: train_loss=0.100369
[2026-02-20 23:16:04] epoch 1 step 63000: train_loss=0.087514
[2026-02-20 23:16:15] epoch 1 step 63050: train_loss=0.138070
[2026-02-20 23:16:27] epoch 1 step 63100: train_loss=0.070145
[2026-02-20 23:16:38] epoch 1 step 63150: train_loss=0.073283
[2026-02-20 23:16:50] epoch 1 step 63200: train_loss=0.093326
[2026-02-20 23:17:02] epoch 1 step 63250: train_loss=0.068635
[2026-02-20 23:17:13] epoch 1 step 63300: train_loss=0.076357
[2026-02-20 23:17:25] epoch 1 step 63350: train_loss=0.078165
[2026-02-20 23:17:36] epoch 1 step 63400: train_loss=0.064853
[2026-02-20 23:17:48] epoch 1 step 63450: train_loss=0.092530
[2026-02-20 23:17:59] epoch 1 step 63500: train_loss=0.082161
[2026-02-20 23:18:11] epoch 1 step 63550: train_loss=0.090631
[2026-02-20 23:18:22] epoch 1 step 63600: train_loss=0.070186
[2026-02-20 23:18:34] epoch 1 step 63650: train_loss=0.079422
[2026-02-20 23:18:45] epoch 1 step 63700: train_loss=0.118439
[2026-02-20 23:18:57] epoch 1 step 63750: train_loss=0.064882
[2026-02-20 23:19:09] epoch 1 step 63800: train_loss=0.077151
[2026-02-20 23:19:20] epoch 1 step 63850: train_loss=0.085064
[2026-02-20 23:19:32] epoch 1 step 63900: train_loss=0.092172
[2026-02-20 23:19:43] epoch 1 step 63950: train_loss=0.061794
[2026-02-20 23:19:55] epoch 1 step 64000: train_loss=0.066129
[2026-02-20 23:20:06] epoch 1 step 64050: train_loss=0.105268
[2026-02-20 23:20:18] epoch 1 step 64100: train_loss=0.085301
[2026-02-20 23:20:29] epoch 1 step 64150: train_loss=0.052783
[2026-02-20 23:20:41] epoch 1 step 64200: train_loss=0.109167
[2026-02-20 23:20:52] epoch 1 step 64250: train_loss=0.075673
[2026-02-20 23:21:04] epoch 1 step 64300: train_loss=0.078475
[2026-02-20 23:21:16] epoch 1 step 64350: train_loss=0.074168
[2026-02-20 23:21:27] epoch 1 step 64400: train_loss=0.096791
[2026-02-20 23:21:39] epoch 1 step 64450: train_loss=0.068741
[2026-02-20 23:21:50] epoch 1 step 64500: train_loss=0.076290
[2026-02-20 23:22:02] epoch 1 step 64550: train_loss=0.089735
[2026-02-20 23:22:13] epoch 1 step 64600: train_loss=0.083393
[2026-02-20 23:22:25] epoch 1 step 64650: train_loss=0.088477
[2026-02-20 23:22:36] epoch 1 step 64700: train_loss=0.109272
[2026-02-20 23:22:48] epoch 1 step 64750: train_loss=0.063987
[2026-02-20 23:22:59] epoch 1 step 64800: train_loss=0.064897
[2026-02-20 23:23:11] epoch 1 step 64850: train_loss=0.062808
[2026-02-20 23:23:23] epoch 1 step 64900: train_loss=0.086830
[2026-02-20 23:23:34] epoch 1 step 64950: train_loss=0.073741
[2026-02-20 23:23:46] epoch 1 step 65000: train_loss=0.068358
[2026-02-20 23:23:57] epoch 1 step 65050: train_loss=0.108767
[2026-02-20 23:24:09] epoch 1 step 65100: train_loss=0.090691
[2026-02-20 23:24:20] epoch 1 step 65150: train_loss=0.060136
[2026-02-20 23:24:32] epoch 1 step 65200: train_loss=0.060644
[2026-02-20 23:24:43] epoch 1 step 65250: train_loss=0.077124
[2026-02-20 23:24:55] epoch 1 step 65300: train_loss=0.113911
[2026-02-20 23:25:06] epoch 1 step 65350: train_loss=0.096834
[2026-02-20 23:25:18] epoch 1 step 65400: train_loss=0.078205
[2026-02-20 23:25:30] epoch 1 step 65450: train_loss=0.088908
[2026-02-20 23:25:41] epoch 1 step 65500: train_loss=0.080482
[2026-02-20 23:25:53] epoch 1 step 65550: train_loss=0.091262
[2026-02-20 23:26:04] epoch 1 step 65600: train_loss=0.071152
[2026-02-20 23:26:16] epoch 1 step 65650: train_loss=0.098447
[2026-02-20 23:26:27] epoch 1 step 65700: train_loss=0.089142
[2026-02-20 23:26:39] epoch 1 step 65750: train_loss=0.073699
[2026-02-20 23:26:50] epoch 1 step 65800: train_loss=0.079553
[2026-02-20 23:27:02] epoch 1 step 65850: train_loss=0.110774
[2026-02-20 23:27:13] epoch 1 step 65900: train_loss=0.080163
[2026-02-20 23:27:25] epoch 1 step 65950: train_loss=0.090037
[2026-02-20 23:27:37] epoch 1 step 66000: train_loss=0.085045
[2026-02-20 23:27:48] epoch 1 step 66050: train_loss=0.074840
[2026-02-20 23:28:00] epoch 1 step 66100: train_loss=0.059706
[2026-02-20 23:28:11] epoch 1 step 66150: train_loss=0.116400
[2026-02-20 23:28:23] epoch 1 step 66200: train_loss=0.095759
[2026-02-20 23:28:34] epoch 1 step 66250: train_loss=0.072192
[2026-02-20 23:28:46] epoch 1 step 66300: train_loss=0.100452
[2026-02-20 23:28:57] epoch 1 step 66350: train_loss=0.067847
[2026-02-20 23:29:09] epoch 1 step 66400: train_loss=0.062067
[2026-02-20 23:29:20] epoch 1 step 66450: train_loss=0.079003
[2026-02-20 23:29:32] epoch 1 step 66500: train_loss=0.096683
[2026-02-20 23:29:44] epoch 1 step 66550: train_loss=0.101568
[2026-02-20 23:29:55] epoch 1 step 66600: train_loss=0.087302
[2026-02-20 23:30:07] epoch 1 step 66650: train_loss=0.086832
[2026-02-20 23:30:18] epoch 1 step 66700: train_loss=0.083373
[2026-02-20 23:30:30] epoch 1 step 66750: train_loss=0.078220
[2026-02-20 23:30:41] epoch 1 step 66800: train_loss=0.062212
[2026-02-20 23:30:53] epoch 1 step 66850: train_loss=0.121962
[2026-02-20 23:31:04] epoch 1 step 66900: train_loss=0.085213
[2026-02-20 23:31:16] epoch 1 step 66950: train_loss=0.090121
[2026-02-20 23:31:27] epoch 1 step 67000: train_loss=0.083325
[2026-02-20 23:31:39] epoch 1 step 67050: train_loss=0.114295
[2026-02-20 23:31:51] epoch 1 step 67100: train_loss=0.066384
[2026-02-20 23:32:02] epoch 1 step 67150: train_loss=0.118029
[2026-02-20 23:32:14] epoch 1 step 67200: train_loss=0.079002
[2026-02-20 23:32:25] epoch 1 step 67250: train_loss=0.093785
[2026-02-20 23:32:37] epoch 1 step 67300: train_loss=0.060924
[2026-02-20 23:32:48] epoch 1 step 67350: train_loss=0.090777
[2026-02-20 23:33:00] epoch 1 step 67400: train_loss=0.090989
[2026-02-20 23:33:11] epoch 1 step 67450: train_loss=0.060438
[2026-02-20 23:33:23] epoch 1 step 67500: train_loss=0.075544
[2026-02-20 23:33:34] epoch 1 step 67550: train_loss=0.074655
[2026-02-20 23:33:46] epoch 1 step 67600: train_loss=0.080376
[2026-02-20 23:33:58] epoch 1 step 67650: train_loss=0.085277
[2026-02-20 23:34:09] epoch 1 step 67700: train_loss=0.054428
[2026-02-20 23:34:21] epoch 1 step 67750: train_loss=0.071955
[2026-02-20 23:34:32] epoch 1 step 67800: train_loss=0.073841
[2026-02-20 23:34:44] epoch 1 step 67850: train_loss=0.117868
[2026-02-20 23:34:55] epoch 1 step 67900: train_loss=0.068974
[2026-02-20 23:35:07] epoch 1 step 67950: train_loss=0.079782
[2026-02-20 23:35:18] epoch 1 step 68000: train_loss=0.066465
[2026-02-20 23:35:30] epoch 1 step 68050: train_loss=0.071641
[2026-02-20 23:35:41] epoch 1 step 68100: train_loss=0.098101
[2026-02-20 23:35:53] epoch 1 step 68150: train_loss=0.070085
[2026-02-20 23:36:05] epoch 1 step 68200: train_loss=0.076699
[2026-02-20 23:36:16] epoch 1 step 68250: train_loss=0.072564
[2026-02-20 23:36:28] epoch 1 step 68300: train_loss=0.079112
[2026-02-20 23:36:39] epoch 1 step 68350: train_loss=0.092536
[2026-02-20 23:36:51] epoch 1 step 68400: train_loss=0.069719
[2026-02-20 23:37:02] epoch 1 step 68450: train_loss=0.087214
[2026-02-20 23:37:14] epoch 1 step 68500: train_loss=0.091168
[2026-02-20 23:37:25] epoch 1 step 68550: train_loss=0.072680
[2026-02-20 23:37:37] epoch 1 step 68600: train_loss=0.071553
[2026-02-20 23:37:49] epoch 1 step 68650: train_loss=0.111872
[2026-02-20 23:38:00] epoch 1 step 68700: train_loss=0.065251
[2026-02-20 23:38:12] epoch 1 step 68750: train_loss=0.078488
